Archive member included to satisfy reference by file (symbol)

c:/ide/stm32cubeide_1.3.0/stm32cubeide/plugins/com.st.stm32cube.ide.mcu.externaltools.gnu-tools-for-stm32.7-2018-q2-update.win32_1.5.0.202011040924/tools/bin/../lib/gcc/arm-none-eabi/7.3.1/../../../../arm-none-eabi/lib/thumb/v7e-m/fpv4-sp/hard\libc_nano.a(lib_a-errno.o)
                              Core/Src/syscalls.o (__errno)
c:/ide/stm32cubeide_1.3.0/stm32cubeide/plugins/com.st.stm32cube.ide.mcu.externaltools.gnu-tools-for-stm32.7-2018-q2-update.win32_1.5.0.202011040924/tools/bin/../lib/gcc/arm-none-eabi/7.3.1/../../../../arm-none-eabi/lib/thumb/v7e-m/fpv4-sp/hard\libc_nano.a(lib_a-exit.o)
                              c:/ide/stm32cubeide_1.3.0/stm32cubeide/plugins/com.st.stm32cube.ide.mcu.externaltools.gnu-tools-for-stm32.7-2018-q2-update.win32_1.5.0.202011040924/tools/bin/../lib/gcc/arm-none-eabi/7.3.1/../../../../arm-none-eabi/lib/thumb/v7e-m/fpv4-sp/hard/crt0.o (exit)
c:/ide/stm32cubeide_1.3.0/stm32cubeide/plugins/com.st.stm32cube.ide.mcu.externaltools.gnu-tools-for-stm32.7-2018-q2-update.win32_1.5.0.202011040924/tools/bin/../lib/gcc/arm-none-eabi/7.3.1/../../../../arm-none-eabi/lib/thumb/v7e-m/fpv4-sp/hard\libc_nano.a(lib_a-impure.o)
                              c:/ide/stm32cubeide_1.3.0/stm32cubeide/plugins/com.st.stm32cube.ide.mcu.externaltools.gnu-tools-for-stm32.7-2018-q2-update.win32_1.5.0.202011040924/tools/bin/../lib/gcc/arm-none-eabi/7.3.1/../../../../arm-none-eabi/lib/thumb/v7e-m/fpv4-sp/hard\libc_nano.a(lib_a-exit.o) (_global_impure_ptr)
c:/ide/stm32cubeide_1.3.0/stm32cubeide/plugins/com.st.stm32cube.ide.mcu.externaltools.gnu-tools-for-stm32.7-2018-q2-update.win32_1.5.0.202011040924/tools/bin/../lib/gcc/arm-none-eabi/7.3.1/../../../../arm-none-eabi/lib/thumb/v7e-m/fpv4-sp/hard\libc_nano.a(lib_a-init.o)
                              c:/ide/stm32cubeide_1.3.0/stm32cubeide/plugins/com.st.stm32cube.ide.mcu.externaltools.gnu-tools-for-stm32.7-2018-q2-update.win32_1.5.0.202011040924/tools/bin/../lib/gcc/arm-none-eabi/7.3.1/../../../../arm-none-eabi/lib/thumb/v7e-m/fpv4-sp/hard/crt0.o (__libc_init_array)
c:/ide/stm32cubeide_1.3.0/stm32cubeide/plugins/com.st.stm32cube.ide.mcu.externaltools.gnu-tools-for-stm32.7-2018-q2-update.win32_1.5.0.202011040924/tools/bin/../lib/gcc/arm-none-eabi/7.3.1/../../../../arm-none-eabi/lib/thumb/v7e-m/fpv4-sp/hard\libc_nano.a(lib_a-memset.o)
                              c:/ide/stm32cubeide_1.3.0/stm32cubeide/plugins/com.st.stm32cube.ide.mcu.externaltools.gnu-tools-for-stm32.7-2018-q2-update.win32_1.5.0.202011040924/tools/bin/../lib/gcc/arm-none-eabi/7.3.1/../../../../arm-none-eabi/lib/thumb/v7e-m/fpv4-sp/hard/crt0.o (memset)
c:/ide/stm32cubeide_1.3.0/stm32cubeide/plugins/com.st.stm32cube.ide.mcu.externaltools.gnu-tools-for-stm32.7-2018-q2-update.win32_1.5.0.202011040924/tools/bin/../lib/gcc/arm-none-eabi/7.3.1/thumb/v7e-m/fpv4-sp/hard\libgcc.a(_aeabi_uldivmod.o)
                              Drivers/STM32F4xx_HAL_Driver/Src/stm32f4xx_hal_rcc.o (__aeabi_uldivmod)
c:/ide/stm32cubeide_1.3.0/stm32cubeide/plugins/com.st.stm32cube.ide.mcu.externaltools.gnu-tools-for-stm32.7-2018-q2-update.win32_1.5.0.202011040924/tools/bin/../lib/gcc/arm-none-eabi/7.3.1/thumb/v7e-m/fpv4-sp/hard\libgcc.a(_udivmoddi4.o)
                              c:/ide/stm32cubeide_1.3.0/stm32cubeide/plugins/com.st.stm32cube.ide.mcu.externaltools.gnu-tools-for-stm32.7-2018-q2-update.win32_1.5.0.202011040924/tools/bin/../lib/gcc/arm-none-eabi/7.3.1/thumb/v7e-m/fpv4-sp/hard\libgcc.a(_aeabi_uldivmod.o) (__udivmoddi4)
c:/ide/stm32cubeide_1.3.0/stm32cubeide/plugins/com.st.stm32cube.ide.mcu.externaltools.gnu-tools-for-stm32.7-2018-q2-update.win32_1.5.0.202011040924/tools/bin/../lib/gcc/arm-none-eabi/7.3.1/thumb/v7e-m/fpv4-sp/hard\libgcc.a(_dvmd_tls.o)
                              c:/ide/stm32cubeide_1.3.0/stm32cubeide/plugins/com.st.stm32cube.ide.mcu.externaltools.gnu-tools-for-stm32.7-2018-q2-update.win32_1.5.0.202011040924/tools/bin/../lib/gcc/arm-none-eabi/7.3.1/thumb/v7e-m/fpv4-sp/hard\libgcc.a(_aeabi_uldivmod.o) (__aeabi_ldiv0)

Allocating common symbols
Common symbol       size              file

receiveOK           0x1               Core/Src/main.o
myID2               0x7               Core/Src/main.o
uwTick              0x4               Drivers/STM32F4xx_HAL_Driver/Src/stm32f4xx_hal.o
pFlash              0x20              Drivers/STM32F4xx_HAL_Driver/Src/stm32f4xx_hal_flash.o
myID1               0x7               Core/Src/main.o
hspi3               0x58              Core/Src/main.o
read_data           0xa               Core/Src/main.o
counterID1          0x1               Core/Src/main.o
transmitOK          0x1               Core/Src/main.o
htim2               0x40              Core/Src/main.o
myLoRa              0x2c              Core/Src/main.o
counterID2          0x1               Core/Src/main.o

Discarded input sections

[...]
Memory Configuration

Name             Origin             Length             Attributes
CCMRAM           0x0000000010000000 0x0000000000010000 xrw
RAM              0x0000000020000000 0x0000000000020000 xrw
FLASH            0x0000000008000000 0x0000000000100000 xr
*default*        0x0000000000000000 0xffffffffffffffff

Linker script and memory map

LOAD c:/ide/stm32cubeide_1.3.0/stm32cubeide/plugins/com.st.stm32cube.ide.mcu.externaltools.gnu-tools-for-stm32.7-2018-q2-update.win32_1.5.0.202011040924/tools/bin/../lib/gcc/arm-none-eabi/7.3.1/thumb/v7e-m/fpv4-sp/hard/crti.o
LOAD c:/ide/stm32cubeide_1.3.0/stm32cubeide/plugins/com.st.stm32cube.ide.mcu.externaltools.gnu-tools-for-stm32.7-2018-q2-update.win32_1.5.0.202011040924/tools/bin/../lib/gcc/arm-none-eabi/7.3.1/thumb/v7e-m/fpv4-sp/hard/crtbegin.o
LOAD c:/ide/stm32cubeide_1.3.0/stm32cubeide/plugins/com.st.stm32cube.ide.mcu.externaltools.gnu-tools-for-stm32.7-2018-q2-update.win32_1.5.0.202011040924/tools/bin/../lib/gcc/arm-none-eabi/7.3.1/../../../../arm-none-eabi/lib/thumb/v7e-m/fpv4-sp/hard/crt0.o
LOAD Core/Src/LoRa.o
LOAD Core/Src/main.o
LOAD Core/Src/stm32f4xx_hal_msp.o
LOAD Core/Src/stm32f4xx_it.o
LOAD Core/Src/syscalls.o
LOAD Core/Src/sysmem.o
LOAD Core/Src/system_stm32f4xx.o
LOAD Core/Startup/startup_stm32f407vgtx.o
LOAD Drivers/STM32F4xx_HAL_Driver/Src/stm32f4xx_hal.o
LOAD Drivers/STM32F4xx_HAL_Driver/Src/stm32f4xx_hal_cortex.o
LOAD Drivers/STM32F4xx_HAL_Driver/Src/stm32f4xx_hal_dma.o
LOAD Drivers/STM32F4xx_HAL_Driver/Src/stm32f4xx_hal_dma_ex.o
LOAD Drivers/STM32F4xx_HAL_Driver/Src/stm32f4xx_hal_exti.o
LOAD Drivers/STM32F4xx_HAL_Driver/Src/stm32f4xx_hal_flash.o
LOAD Drivers/STM32F4xx_HAL_Driver/Src/stm32f4xx_hal_flash_ex.o
LOAD Drivers/STM32F4xx_HAL_Driver/Src/stm32f4xx_hal_flash_ramfunc.o
LOAD Drivers/STM32F4xx_HAL_Driver/Src/stm32f4xx_hal_gpio.o
LOAD Drivers/STM32F4xx_HAL_Driver/Src/stm32f4xx_hal_pwr.o
LOAD Drivers/STM32F4xx_HAL_Driver/Src/stm32f4xx_hal_pwr_ex.o
LOAD Drivers/STM32F4xx_HAL_Driver/Src/stm32f4xx_hal_rcc.o
LOAD Drivers/STM32F4xx_HAL_Driver/Src/stm32f4xx_hal_rcc_ex.o
LOAD Drivers/STM32F4xx_HAL_Driver/Src/stm32f4xx_hal_spi.o
LOAD Drivers/STM32F4xx_HAL_Driver/Src/stm32f4xx_hal_tim.o
LOAD Drivers/STM32F4xx_HAL_Driver/Src/stm32f4xx_hal_tim_ex.o
START GROUP
LOAD c:/ide/stm32cubeide_1.3.0/stm32cubeide/plugins/com.st.stm32cube.ide.mcu.externaltools.gnu-tools-for-stm32.7-2018-q2-update.win32_1.5.0.202011040924/tools/bin/../lib/gcc/arm-none-eabi/7.3.1/../../../../arm-none-eabi/lib/thumb/v7e-m/fpv4-sp/hard\libc_nano.a
LOAD c:/ide/stm32cubeide_1.3.0/stm32cubeide/plugins/com.st.stm32cube.ide.mcu.externaltools.gnu-tools-for-stm32.7-2018-q2-update.win32_1.5.0.202011040924/tools/bin/../lib/gcc/arm-none-eabi/7.3.1/../../../../arm-none-eabi/lib/thumb/v7e-m/fpv4-sp/hard\libm.a
END GROUP
START GROUP
LOAD c:/ide/stm32cubeide_1.3.0/stm32cubeide/plugins/com.st.stm32cube.ide.mcu.externaltools.gnu-tools-for-stm32.7-2018-q2-update.win32_1.5.0.202011040924/tools/bin/../lib/gcc/arm-none-eabi/7.3.1/thumb/v7e-m/fpv4-sp/hard\libgcc.a
LOAD c:/ide/stm32cubeide_1.3.0/stm32cubeide/plugins/com.st.stm32cube.ide.mcu.externaltools.gnu-tools-for-stm32.7-2018-q2-update.win32_1.5.0.202011040924/tools/bin/../lib/gcc/arm-none-eabi/7.3.1/../../../../arm-none-eabi/lib/thumb/v7e-m/fpv4-sp/hard\libc_nano.a
END GROUP
START GROUP
LOAD c:/ide/stm32cubeide_1.3.0/stm32cubeide/plugins/com.st.stm32cube.ide.mcu.externaltools.gnu-tools-for-stm32.7-2018-q2-update.win32_1.5.0.202011040924/tools/bin/../lib/gcc/arm-none-eabi/7.3.1/thumb/v7e-m/fpv4-sp/hard\libgcc.a
LOAD c:/ide/stm32cubeide_1.3.0/stm32cubeide/plugins/com.st.stm32cube.ide.mcu.externaltools.gnu-tools-for-stm32.7-2018-q2-update.win32_1.5.0.202011040924/tools/bin/../lib/gcc/arm-none-eabi/7.3.1/../../../../arm-none-eabi/lib/thumb/v7e-m/fpv4-sp/hard\libc_nano.a
LOAD c:/ide/stm32cubeide_1.3.0/stm32cubeide/plugins/com.st.stm32cube.ide.mcu.externaltools.gnu-tools-for-stm32.7-2018-q2-update.win32_1.5.0.202011040924/tools/bin/../lib/gcc/arm-none-eabi/7.3.1/../../../../arm-none-eabi/lib/thumb/v7e-m/fpv4-sp/hard\libnosys.a
END GROUP
START GROUP
LOAD c:/ide/stm32cubeide_1.3.0/stm32cubeide/plugins/com.st.stm32cube.ide.mcu.externaltools.gnu-tools-for-stm32.7-2018-q2-update.win32_1.5.0.202011040924/tools/bin/../lib/gcc/arm-none-eabi/7.3.1/thumb/v7e-m/fpv4-sp/hard\libgcc.a
LOAD c:/ide/stm32cubeide_1.3.0/stm32cubeide/plugins/com.st.stm32cube.ide.mcu.externaltools.gnu-tools-for-stm32.7-2018-q2-update.win32_1.5.0.202011040924/tools/bin/../lib/gcc/arm-none-eabi/7.3.1/../../../../arm-none-eabi/lib/thumb/v7e-m/fpv4-sp/hard\libc_nano.a
LOAD c:/ide/stm32cubeide_1.3.0/stm32cubeide/plugins/com.st.stm32cube.ide.mcu.externaltools.gnu-tools-for-stm32.7-2018-q2-update.win32_1.5.0.202011040924/tools/bin/../lib/gcc/arm-none-eabi/7.3.1/../../../../arm-none-eabi/lib/thumb/v7e-m/fpv4-sp/hard\libnosys.a
END GROUP
LOAD c:/ide/stm32cubeide_1.3.0/stm32cubeide/plugins/com.st.stm32cube.ide.mcu.externaltools.gnu-tools-for-stm32.7-2018-q2-update.win32_1.5.0.202011040924/tools/bin/../lib/gcc/arm-none-eabi/7.3.1/thumb/v7e-m/fpv4-sp/hard/crtend.o
LOAD c:/ide/stm32cubeide_1.3.0/stm32cubeide/plugins/com.st.stm32cube.ide.mcu.externaltools.gnu-tools-for-stm32.7-2018-q2-update.win32_1.5.0.202011040924/tools/bin/../lib/gcc/arm-none-eabi/7.3.1/thumb/v7e-m/fpv4-sp/hard/crtn.o
                0x0000000020020000                _estack = (ORIGIN (RAM) + LENGTH (RAM))
                0x0000000000000200                _Min_Heap_Size = 0x200
                0x0000000000000400                _Min_Stack_Size = 0x400

.isr_vector     0x0000000008000000      0x188
                0x0000000008000000                . = ALIGN (0x4)
 *(.isr_vector)
 .isr_vector    0x0000000008000000      0x188 Core/Startup/startup_stm32f407vgtx.o
                0x0000000008000000                g_pfnVectors
                0x0000000008000188                . = ALIGN (0x4)

.text           0x0000000008000188     0x3478
                0x0000000008000188                . = ALIGN (0x4)
 *(.text)
 .text          0x0000000008000188       0x40 c:/ide/stm32cubeide_1.3.0/stm32cubeide/plugins/com.st.stm32cube.ide.mcu.externaltools.gnu-tools-for-stm32.7-2018-q2-update.win32_1.5.0.202011040924/tools/bin/../lib/gcc/arm-none-eabi/7.3.1/thumb/v7e-m/fpv4-sp/hard/crtbegin.o
 .text          0x00000000080001c8       0x30 c:/ide/stm32cubeide_1.3.0/stm32cubeide/plugins/com.st.stm32cube.ide.mcu.externaltools.gnu-tools-for-stm32.7-2018-q2-update.win32_1.5.0.202011040924/tools/bin/../lib/gcc/arm-none-eabi/7.3.1/thumb/v7e-m/fpv4-sp/hard\libgcc.a(_aeabi_uldivmod.o)
                0x00000000080001c8                __aeabi_uldivmod
 .text          0x00000000080001f8      0x2cc c:/ide/stm32cubeide_1.3.0/stm32cubeide/plugins/com.st.stm32cube.ide.mcu.externaltools.gnu-tools-for-stm32.7-2018-q2-update.win32_1.5.0.202011040924/tools/bin/../lib/gcc/arm-none-eabi/7.3.1/thumb/v7e-m/fpv4-sp/hard\libgcc.a(_udivmoddi4.o)
                0x00000000080001f8                __udivmoddi4
 .text          0x00000000080004c4        0x4 c:/ide/stm32cubeide_1.3.0/stm32cubeide/plugins/com.st.stm32cube.ide.mcu.externaltools.gnu-tools-for-stm32.7-2018-q2-update.win32_1.5.0.202011040924/tools/bin/../lib/gcc/arm-none-eabi/7.3.1/thumb/v7e-m/fpv4-sp/hard\libgcc.a(_dvmd_tls.o)
                0x00000000080004c4                __aeabi_idiv0
                0x00000000080004c4                __aeabi_ldiv0
 *(.text*)
 .text.newLoRa  0x00000000080004c8       0x52 Core/Src/LoRa.o
                0x00000000080004c8                newLoRa
 .text.LoRa_reset
                0x000000000800051a       0x3c Core/Src/LoRa.o
                0x000000000800051a                LoRa_reset
 .text.LoRa_gotoMode
                0x0000000008000556       0xc2 Core/Src/LoRa.o
                0x0000000008000556                LoRa_gotoMode
 .text.LoRa_readReg
                0x0000000008000618       0xa0 Core/Src/LoRa.o
                0x0000000008000618                LoRa_readReg
 .text.LoRa_writeReg
                0x00000000080006b8       0x7c Core/Src/LoRa.o
                0x00000000080006b8                LoRa_writeReg
 .text.LoRa_setFrequency
                0x0000000008000734       0x60 Core/Src/LoRa.o
                0x0000000008000734                LoRa_setFrequency
 .text.LoRa_setSpreadingFactor
                0x0000000008000794       0x5e Core/Src/LoRa.o
                0x0000000008000794                LoRa_setSpreadingFactor
 .text.LoRa_setPower
                0x00000000080007f2       0x26 Core/Src/LoRa.o
                0x00000000080007f2                LoRa_setPower
 .text.LoRa_setOCP
                0x0000000008000818       0x7c Core/Src/LoRa.o
                0x0000000008000818                LoRa_setOCP
 .text.LoRa_setTOMsb_setCRCon
                0x0000000008000894       0x36 Core/Src/LoRa.o
                0x0000000008000894                LoRa_setTOMsb_setCRCon
 .text.LoRa_read
                0x00000000080008ca       0x36 Core/Src/LoRa.o
                0x00000000080008ca                LoRa_read
 .text.LoRa_write
                0x0000000008000900       0x3c Core/Src/LoRa.o
                0x0000000008000900                LoRa_write
 .text.LoRa_isvalid
                0x000000000800093c       0x16 Core/Src/LoRa.o
                0x000000000800093c                LoRa_isvalid
 .text.LoRa_WakeUp_Receive
                0x0000000008000952       0x18 Core/Src/LoRa.o
                0x0000000008000952                LoRa_WakeUp_Receive
 .text.LoRa_Sleep
                0x000000000800096a       0x18 Core/Src/LoRa.o
                0x000000000800096a                LoRa_Sleep
 .text.LoRa_Delay
                0x0000000008000982       0xaa Core/Src/LoRa.o
                0x0000000008000982                LoRa_Delay
 .text.LoRa_receive
                0x0000000008000a2c       0xba Core/Src/LoRa.o
                0x0000000008000a2c                LoRa_receive
 .text.LoRa_init
                0x0000000008000ae6      0x148 Core/Src/LoRa.o
                0x0000000008000ae6                LoRa_init
 *fill*         0x0000000008000c2e        0x2 
 .text.main     0x0000000008000c30      0x124 Core/Src/main.o
                0x0000000008000c30                main
 .text.SystemClock_Config
                0x0000000008000d54       0xd4 Core/Src/main.o
                0x0000000008000d54                SystemClock_Config
 .text.MX_SPI3_Init
                0x0000000008000e28       0x6c Core/Src/main.o
 .text.MX_TIM2_Init
                0x0000000008000e94       0x98 Core/Src/main.o
 .text.MX_GPIO_Init
                0x0000000008000f2c      0x10c Core/Src/main.o
 .text.HAL_TIM_PeriodElapsedCallback
                0x0000000008001038      0x168 Core/Src/main.o
                0x0000000008001038                HAL_TIM_PeriodElapsedCallback
 .text.Error_Handler
                0x00000000080011a0        0x8 Core/Src/main.o
                0x00000000080011a0                Error_Handler
 .text.HAL_MspInit
                0x00000000080011a8       0x50 Core/Src/stm32f4xx_hal_msp.o
                0x00000000080011a8                HAL_MspInit
 .text.HAL_SPI_MspInit
                0x00000000080011f8       0x90 Core/Src/stm32f4xx_hal_msp.o
                0x00000000080011f8                HAL_SPI_MspInit
 .text.HAL_TIM_Base_MspInit
                0x0000000008001288       0x4c Core/Src/stm32f4xx_hal_msp.o
                0x0000000008001288                HAL_TIM_Base_MspInit
 .text.NMI_Handler
                0x00000000080012d4        0x6 Core/Src/stm32f4xx_it.o
                0x00000000080012d4                NMI_Handler
 .text.HardFault_Handler
                0x00000000080012da        0x6 Core/Src/stm32f4xx_it.o
                0x00000000080012da                HardFault_Handler
 .text.MemManage_Handler
                0x00000000080012e0        0x6 Core/Src/stm32f4xx_it.o
                0x00000000080012e0                MemManage_Handler
 .text.BusFault_Handler
                0x00000000080012e6        0x6 Core/Src/stm32f4xx_it.o
                0x00000000080012e6                BusFault_Handler
 .text.UsageFault_Handler
                0x00000000080012ec        0x6 Core/Src/stm32f4xx_it.o
                0x00000000080012ec                UsageFault_Handler
 .text.SVC_Handler
                0x00000000080012f2        0xe Core/Src/stm32f4xx_it.o
                0x00000000080012f2                SVC_Handler
 .text.DebugMon_Handler
                0x0000000008001300        0xe Core/Src/stm32f4xx_it.o
                0x0000000008001300                DebugMon_Handler
 .text.PendSV_Handler
                0x000000000800130e        0xe Core/Src/stm32f4xx_it.o
                0x000000000800130e                PendSV_Handler
 .text.SysTick_Handler
                0x000000000800131c        0xc Core/Src/stm32f4xx_it.o
                0x000000000800131c                SysTick_Handler
 .text.TIM2_IRQHandler
                0x0000000008001328       0x14 Core/Src/stm32f4xx_it.o
                0x0000000008001328                TIM2_IRQHandler
 .text.SystemInit
                0x000000000800133c       0x2c Core/Src/system_stm32f4xx.o
                0x000000000800133c                SystemInit
 .text.Reset_Handler
                0x0000000008001368       0x50 Core/Startup/startup_stm32f407vgtx.o
                0x0000000008001368                Reset_Handler
 .text.Default_Handler
                0x00000000080013b8        0x2 Core/Startup/startup_stm32f407vgtx.o
                0x00000000080013b8                RTC_Alarm_IRQHandler
                0x00000000080013b8                HASH_RNG_IRQHandler
                0x00000000080013b8                EXTI2_IRQHandler
                0x00000000080013b8                TIM8_CC_IRQHandler
                0x00000000080013b8                TIM1_CC_IRQHandler
                0x00000000080013b8                DMA2_Stream5_IRQHandler
                0x00000000080013b8                DMA1_Stream5_IRQHandler
                0x00000000080013b8                PVD_IRQHandler
                0x00000000080013b8                SDIO_IRQHandler
                0x00000000080013b8                TAMP_STAMP_IRQHandler
                0x00000000080013b8                CAN2_RX1_IRQHandler
                0x00000000080013b8                EXTI3_IRQHandler
                0x00000000080013b8                TIM8_TRG_COM_TIM14_IRQHandler
                0x00000000080013b8                TIM1_UP_TIM10_IRQHandler
                0x00000000080013b8                TIM8_UP_TIM13_IRQHandler
                0x00000000080013b8                I2C3_ER_IRQHandler
                0x00000000080013b8                EXTI0_IRQHandler
                0x00000000080013b8                I2C2_EV_IRQHandler
                0x00000000080013b8                DMA1_Stream2_IRQHandler
                0x00000000080013b8                CAN1_RX0_IRQHandler
                0x00000000080013b8                FPU_IRQHandler
                0x00000000080013b8                OTG_HS_WKUP_IRQHandler
                0x00000000080013b8                CAN2_SCE_IRQHandler
                0x00000000080013b8                DMA2_Stream2_IRQHandler
                0x00000000080013b8                SPI1_IRQHandler
                0x00000000080013b8                TIM6_DAC_IRQHandler
                0x00000000080013b8                TIM1_BRK_TIM9_IRQHandler
                0x00000000080013b8                DCMI_IRQHandler
                0x00000000080013b8                CAN2_RX0_IRQHandler
                0x00000000080013b8                DMA2_Stream3_IRQHandler
                0x00000000080013b8                USART6_IRQHandler
                0x00000000080013b8                USART3_IRQHandler
                0x00000000080013b8                CAN1_RX1_IRQHandler
                0x00000000080013b8                UART5_IRQHandler
                0x00000000080013b8                DMA2_Stream0_IRQHandler
                0x00000000080013b8                TIM4_IRQHandler
                0x00000000080013b8                I2C1_EV_IRQHandler
                0x00000000080013b8                DMA1_Stream6_IRQHandler
                0x00000000080013b8                DMA1_Stream1_IRQHandler
                0x00000000080013b8                UART4_IRQHandler
                0x00000000080013b8                TIM3_IRQHandler
                0x00000000080013b8                RCC_IRQHandler
                0x00000000080013b8                TIM8_BRK_TIM12_IRQHandler
                0x00000000080013b8                Default_Handler
                0x00000000080013b8                EXTI15_10_IRQHandler
                0x00000000080013b8                ADC_IRQHandler
                0x00000000080013b8                DMA1_Stream7_IRQHandler
                0x00000000080013b8                TIM7_IRQHandler
                0x00000000080013b8                CAN2_TX_IRQHandler
                0x00000000080013b8                TIM5_IRQHandler
                0x00000000080013b8                DMA2_Stream7_IRQHandler
                0x00000000080013b8                I2C3_EV_IRQHandler
                0x00000000080013b8                EXTI9_5_IRQHandler
                0x00000000080013b8                RTC_WKUP_IRQHandler
                0x00000000080013b8                ETH_WKUP_IRQHandler
                0x00000000080013b8                SPI2_IRQHandler
                0x00000000080013b8                OTG_HS_EP1_IN_IRQHandler
                0x00000000080013b8                DMA1_Stream0_IRQHandler
                0x00000000080013b8                CAN1_TX_IRQHandler
                0x00000000080013b8                EXTI4_IRQHandler
                0x00000000080013b8                FSMC_IRQHandler
                0x00000000080013b8                ETH_IRQHandler
                0x00000000080013b8                OTG_HS_EP1_OUT_IRQHandler
                0x00000000080013b8                WWDG_IRQHandler
                0x00000000080013b8                OTG_FS_WKUP_IRQHandler
                0x00000000080013b8                TIM1_TRG_COM_TIM11_IRQHandler
                0x00000000080013b8                OTG_HS_IRQHandler
                0x00000000080013b8                EXTI1_IRQHandler
                0x00000000080013b8                USART2_IRQHandler
                0x00000000080013b8                I2C2_ER_IRQHandler
                0x00000000080013b8                DMA2_Stream1_IRQHandler
                0x00000000080013b8                CAN1_SCE_IRQHandler
                0x00000000080013b8                FLASH_IRQHandler
                0x00000000080013b8                DMA2_Stream4_IRQHandler
                0x00000000080013b8                USART1_IRQHandler
                0x00000000080013b8                OTG_FS_IRQHandler
                0x00000000080013b8                SPI3_IRQHandler
                0x00000000080013b8                DMA1_Stream4_IRQHandler
                0x00000000080013b8                I2C1_ER_IRQHandler
                0x00000000080013b8                DMA2_Stream6_IRQHandler
                0x00000000080013b8                DMA1_Stream3_IRQHandler
 *fill*         0x00000000080013ba        0x2 
 .text.HAL_Init
                0x00000000080013bc       0x44 Drivers/STM32F4xx_HAL_Driver/Src/stm32f4xx_hal.o
                0x00000000080013bc                HAL_Init
 .text.HAL_InitTick
                0x0000000008001400       0x60 Drivers/STM32F4xx_HAL_Driver/Src/stm32f4xx_hal.o
                0x0000000008001400                HAL_InitTick
 .text.HAL_IncTick
                0x0000000008001460       0x28 Drivers/STM32F4xx_HAL_Driver/Src/stm32f4xx_hal.o
                0x0000000008001460                HAL_IncTick
 .text.HAL_GetTick
                0x0000000008001488       0x18 Drivers/STM32F4xx_HAL_Driver/Src/stm32f4xx_hal.o
                0x0000000008001488                HAL_GetTick
 .text.HAL_Delay
                0x00000000080014a0       0x44 Drivers/STM32F4xx_HAL_Driver/Src/stm32f4xx_hal.o
                0x00000000080014a0                HAL_Delay
 .text.__NVIC_SetPriorityGrouping
                0x00000000080014e4       0x48 Drivers/STM32F4xx_HAL_Driver/Src/stm32f4xx_hal_cortex.o
 .text.__NVIC_GetPriorityGrouping
                0x000000000800152c       0x1c Drivers/STM32F4xx_HAL_Driver/Src/stm32f4xx_hal_cortex.o
 .text.__NVIC_EnableIRQ
                0x0000000008001548       0x3c Drivers/STM32F4xx_HAL_Driver/Src/stm32f4xx_hal_cortex.o
 .text.__NVIC_SetPriority
                0x0000000008001584       0x54 Drivers/STM32F4xx_HAL_Driver/Src/stm32f4xx_hal_cortex.o
 .text.NVIC_EncodePriority
                0x00000000080015d8       0x66 Drivers/STM32F4xx_HAL_Driver/Src/stm32f4xx_hal_cortex.o
 *fill*         0x000000000800163e        0x2 
 .text.SysTick_Config
                0x0000000008001640       0x44 Drivers/STM32F4xx_HAL_Driver/Src/stm32f4xx_hal_cortex.o
 .text.HAL_NVIC_SetPriorityGrouping
                0x0000000008001684       0x16 Drivers/STM32F4xx_HAL_Driver/Src/stm32f4xx_hal_cortex.o
                0x0000000008001684                HAL_NVIC_SetPriorityGrouping
 .text.HAL_NVIC_SetPriority
                0x000000000800169a       0x38 Drivers/STM32F4xx_HAL_Driver/Src/stm32f4xx_hal_cortex.o
                0x000000000800169a                HAL_NVIC_SetPriority
 .text.HAL_NVIC_EnableIRQ
                0x00000000080016d2       0x1c Drivers/STM32F4xx_HAL_Driver/Src/stm32f4xx_hal_cortex.o
                0x00000000080016d2                HAL_NVIC_EnableIRQ
 .text.HAL_SYSTICK_Config
                0x00000000080016ee       0x18 Drivers/STM32F4xx_HAL_Driver/Src/stm32f4xx_hal_cortex.o
                0x00000000080016ee                HAL_SYSTICK_Config
 *fill*         0x0000000008001706        0x2 
 .text.HAL_GPIO_Init
                0x0000000008001708      0x334 Drivers/STM32F4xx_HAL_Driver/Src/stm32f4xx_hal_gpio.o
                0x0000000008001708                HAL_GPIO_Init
 .text.HAL_GPIO_WritePin
                0x0000000008001a3c       0x32 Drivers/STM32F4xx_HAL_Driver/Src/stm32f4xx_hal_gpio.o
                0x0000000008001a3c                HAL_GPIO_WritePin
 *fill*         0x0000000008001a6e        0x2 
 .text.HAL_RCC_OscConfig
                0x0000000008001a70      0x4e0 Drivers/STM32F4xx_HAL_Driver/Src/stm32f4xx_hal_rcc.o
                0x0000000008001a70                HAL_RCC_OscConfig
 .text.HAL_RCC_ClockConfig
                0x0000000008001f50      0x1cc Drivers/STM32F4xx_HAL_Driver/Src/stm32f4xx_hal_rcc.o
                0x0000000008001f50                HAL_RCC_ClockConfig
 .text.HAL_RCC_GetSysClockFreq
                0x000000000800211c      0x1b0 Drivers/STM32F4xx_HAL_Driver/Src/stm32f4xx_hal_rcc.o
                0x000000000800211c                HAL_RCC_GetSysClockFreq
 .text.HAL_SPI_Init
                0x00000000080022cc       0xc8 Drivers/STM32F4xx_HAL_Driver/Src/stm32f4xx_hal_spi.o
                0x00000000080022cc                HAL_SPI_Init
 .text.HAL_SPI_Transmit
                0x0000000008002394      0x268 Drivers/STM32F4xx_HAL_Driver/Src/stm32f4xx_hal_spi.o
                0x0000000008002394                HAL_SPI_Transmit
 .text.HAL_SPI_Receive
                0x00000000080025fc      0x212 Drivers/STM32F4xx_HAL_Driver/Src/stm32f4xx_hal_spi.o
                0x00000000080025fc                HAL_SPI_Receive
 .text.HAL_SPI_TransmitReceive
                0x000000000800280e      0x344 Drivers/STM32F4xx_HAL_Driver/Src/stm32f4xx_hal_spi.o
                0x000000000800280e                HAL_SPI_TransmitReceive
 .text.HAL_SPI_GetState
                0x0000000008002b52       0x1c Drivers/STM32F4xx_HAL_Driver/Src/stm32f4xx_hal_spi.o
                0x0000000008002b52                HAL_SPI_GetState
 .text.SPI_WaitFlagStateUntilTimeout
                0x0000000008002b6e       0xd4 Drivers/STM32F4xx_HAL_Driver/Src/stm32f4xx_hal_spi.o
 .text.SPI_EndRxTransaction
                0x0000000008002c42       0xca Drivers/STM32F4xx_HAL_Driver/Src/stm32f4xx_hal_spi.o
 .text.SPI_EndRxTxTransaction
                0x0000000008002d0c       0x84 Drivers/STM32F4xx_HAL_Driver/Src/stm32f4xx_hal_spi.o
 .text.HAL_TIM_Base_Init
                0x0000000008002d90       0x56 Drivers/STM32F4xx_HAL_Driver/Src/stm32f4xx_hal_tim.o
                0x0000000008002d90                HAL_TIM_Base_Init
 .text.HAL_TIM_Base_Start_IT
                0x0000000008002de6       0x48 Drivers/STM32F4xx_HAL_Driver/Src/stm32f4xx_hal_tim.o
                0x0000000008002de6                HAL_TIM_Base_Start_IT
 .text.HAL_TIM_IRQHandler
                0x0000000008002e2e      0x210 Drivers/STM32F4xx_HAL_Driver/Src/stm32f4xx_hal_tim.o
                0x0000000008002e2e                HAL_TIM_IRQHandler
 .text.HAL_TIM_ConfigClockSource
                0x000000000800303e      0x16e Drivers/STM32F4xx_HAL_Driver/Src/stm32f4xx_hal_tim.o
                0x000000000800303e                HAL_TIM_ConfigClockSource
 .text.HAL_TIM_OC_DelayElapsedCallback
                0x00000000080031ac       0x14 Drivers/STM32F4xx_HAL_Driver/Src/stm32f4xx_hal_tim.o
                0x00000000080031ac                HAL_TIM_OC_DelayElapsedCallback
 .text.HAL_TIM_IC_CaptureCallback
                0x00000000080031c0       0x14 Drivers/STM32F4xx_HAL_Driver/Src/stm32f4xx_hal_tim.o
                0x00000000080031c0                HAL_TIM_IC_CaptureCallback
 .text.HAL_TIM_PWM_PulseFinishedCallback
                0x00000000080031d4       0x14 Drivers/STM32F4xx_HAL_Driver/Src/stm32f4xx_hal_tim.o
                0x00000000080031d4                HAL_TIM_PWM_PulseFinishedCallback
 .text.HAL_TIM_TriggerCallback
                0x00000000080031e8       0x14 Drivers/STM32F4xx_HAL_Driver/Src/stm32f4xx_hal_tim.o
                0x00000000080031e8                HAL_TIM_TriggerCallback
 .text.TIM_Base_SetConfig
                0x00000000080031fc      0x140 Drivers/STM32F4xx_HAL_Driver/Src/stm32f4xx_hal_tim.o
                0x00000000080031fc                TIM_Base_SetConfig
 .text.TIM_TI1_ConfigInputStage
                0x000000000800333c       0x5e Drivers/STM32F4xx_HAL_Driver/Src/stm32f4xx_hal_tim.o
 .text.TIM_TI2_ConfigInputStage
                0x000000000800339a       0x60 Drivers/STM32F4xx_HAL_Driver/Src/stm32f4xx_hal_tim.o
 .text.TIM_ITRx_SetConfig
                0x00000000080033fa       0x36 Drivers/STM32F4xx_HAL_Driver/Src/stm32f4xx_hal_tim.o
 .text.TIM_ETR_SetConfig
                0x0000000008003430       0x40 Drivers/STM32F4xx_HAL_Driver/Src/stm32f4xx_hal_tim.o
                0x0000000008003430                TIM_ETR_SetConfig
 .text.HAL_TIMEx_MasterConfigSynchronization
                0x0000000008003470       0xf8 Drivers/STM32F4xx_HAL_Driver/Src/stm32f4xx_hal_tim_ex.o
                0x0000000008003470                HAL_TIMEx_MasterConfigSynchronization
 .text.HAL_TIMEx_CommutCallback
                0x0000000008003568       0x14 Drivers/STM32F4xx_HAL_Driver/Src/stm32f4xx_hal_tim_ex.o
                0x0000000008003568                HAL_TIMEx_CommutCallback
 .text.HAL_TIMEx_BreakCallback
                0x000000000800357c       0x14 Drivers/STM32F4xx_HAL_Driver/Src/stm32f4xx_hal_tim_ex.o
                0x000000000800357c                HAL_TIMEx_BreakCallback
 .text.__libc_init_array
                0x0000000008003590       0x48 c:/ide/stm32cubeide_1.3.0/stm32cubeide/plugins/com.st.stm32cube.ide.mcu.externaltools.gnu-tools-for-stm32.7-2018-q2-update.win32_1.5.0.202011040924/tools/bin/../lib/gcc/arm-none-eabi/7.3.1/../../../../arm-none-eabi/lib/thumb/v7e-m/fpv4-sp/hard\libc_nano.a(lib_a-init.o)
                0x0000000008003590                __libc_init_array
 .text.memset   0x00000000080035d8       0x10 c:/ide/stm32cubeide_1.3.0/stm32cubeide/plugins/com.st.stm32cube.ide.mcu.externaltools.gnu-tools-for-stm32.7-2018-q2-update.win32_1.5.0.202011040924/tools/bin/../lib/gcc/arm-none-eabi/7.3.1/../../../../arm-none-eabi/lib/thumb/v7e-m/fpv4-sp/hard\libc_nano.a(lib_a-memset.o)
                0x00000000080035d8                memset
 *(.glue_7)
 .glue_7        0x00000000080035e8        0x0 linker stubs
 *(.glue_7t)
 .glue_7t       0x00000000080035e8        0x0 linker stubs
 *(.eh_frame)
 .eh_frame      0x00000000080035e8        0x0 c:/ide/stm32cubeide_1.3.0/stm32cubeide/plugins/com.st.stm32cube.ide.mcu.externaltools.gnu-tools-for-stm32.7-2018-q2-update.win32_1.5.0.202011040924/tools/bin/../lib/gcc/arm-none-eabi/7.3.1/thumb/v7e-m/fpv4-sp/hard/crtbegin.o
 *(.init)
 .init          0x00000000080035e8        0x4 c:/ide/stm32cubeide_1.3.0/stm32cubeide/plugins/com.st.stm32cube.ide.mcu.externaltools.gnu-tools-for-stm32.7-2018-q2-update.win32_1.5.0.202011040924/tools/bin/../lib/gcc/arm-none-eabi/7.3.1/thumb/v7e-m/fpv4-sp/hard/crti.o
                0x00000000080035e8                _init
 .init          0x00000000080035ec        0x8 c:/ide/stm32cubeide_1.3.0/stm32cubeide/plugins/com.st.stm32cube.ide.mcu.externaltools.gnu-tools-for-stm32.7-2018-q2-update.win32_1.5.0.202011040924/tools/bin/../lib/gcc/arm-none-eabi/7.3.1/thumb/v7e-m/fpv4-sp/hard/crtn.o
 *(.fini)
 .fini          0x00000000080035f4        0x4 c:/ide/stm32cubeide_1.3.0/stm32cubeide/plugins/com.st.stm32cube.ide.mcu.externaltools.gnu-tools-for-stm32.7-2018-q2-update.win32_1.5.0.202011040924/tools/bin/../lib/gcc/arm-none-eabi/7.3.1/thumb/v7e-m/fpv4-sp/hard/crti.o
                0x00000000080035f4                _fini
 .fini          0x00000000080035f8        0x8 c:/ide/stm32cubeide_1.3.0/stm32cubeide/plugins/com.st.stm32cube.ide.mcu.externaltools.gnu-tools-for-stm32.7-2018-q2-update.win32_1.5.0.202011040924/tools/bin/../lib/gcc/arm-none-eabi/7.3.1/thumb/v7e-m/fpv4-sp/hard/crtn.o
                0x0000000008003600                . = ALIGN (0x4)
                0x0000000008003600                _etext = .

.vfp11_veneer   0x0000000008003600        0x0
 .vfp11_veneer  0x0000000008003600        0x0 linker stubs

.v4_bx          0x0000000008003600        0x0
 .v4_bx         0x0000000008003600        0x0 linker stubs

.iplt           0x0000000008003600        0x0
 .iplt          0x0000000008003600        0x0 c:/ide/stm32cubeide_1.3.0/stm32cubeide/plugins/com.st.stm32cube.ide.mcu.externaltools.gnu-tools-for-stm32.7-2018-q2-update.win32_1.5.0.202011040924/tools/bin/../lib/gcc/arm-none-eabi/7.3.1/thumb/v7e-m/fpv4-sp/hard/crtbegin.o

.rodata         0x0000000008003600       0x10
                0x0000000008003600                . = ALIGN (0x4)
 *(.rodata)
 *(.rodata*)
 .rodata.AHBPrescTable
                0x0000000008003600       0x10 Core/Src/system_stm32f4xx.o
                0x0000000008003600                AHBPrescTable
                0x0000000008003610                . = ALIGN (0x4)

.ARM.extab      0x0000000008003610        0x0
                0x0000000008003610                . = ALIGN (0x4)
 *(.ARM.extab* .gnu.linkonce.armextab.*)
                0x0000000008003610                . = ALIGN (0x4)

.ARM            0x0000000008003610        0x8
                0x0000000008003610                . = ALIGN (0x4)
                0x0000000008003610                __exidx_start = .
 *(.ARM.exidx*)
 .ARM.exidx     0x0000000008003610        0x8 c:/ide/stm32cubeide_1.3.0/stm32cubeide/plugins/com.st.stm32cube.ide.mcu.externaltools.gnu-tools-for-stm32.7-2018-q2-update.win32_1.5.0.202011040924/tools/bin/../lib/gcc/arm-none-eabi/7.3.1/thumb/v7e-m/fpv4-sp/hard\libgcc.a(_udivmoddi4.o)
                0x0000000008003618                __exidx_end = .
                0x0000000008003618                . = ALIGN (0x4)

.rel.dyn        0x0000000008003618        0x0
 .rel.iplt      0x0000000008003618        0x0 c:/ide/stm32cubeide_1.3.0/stm32cubeide/plugins/com.st.stm32cube.ide.mcu.externaltools.gnu-tools-for-stm32.7-2018-q2-update.win32_1.5.0.202011040924/tools/bin/../lib/gcc/arm-none-eabi/7.3.1/thumb/v7e-m/fpv4-sp/hard/crtbegin.o

.preinit_array  0x0000000008003618        0x0
                0x0000000008003618                . = ALIGN (0x4)
                0x0000000008003618                PROVIDE (__preinit_array_start = .)
 *(.preinit_array*)
                0x0000000008003618                PROVIDE (__preinit_array_end = .)
                0x0000000008003618                . = ALIGN (0x4)

.init_array     0x0000000008003618        0x4
                0x0000000008003618                . = ALIGN (0x4)
                0x0000000008003618                PROVIDE (__init_array_start = .)
 *(SORT_BY_NAME(.init_array.*))
 *(.init_array*)
 .init_array    0x0000000008003618        0x4 c:/ide/stm32cubeide_1.3.0/stm32cubeide/plugins/com.st.stm32cube.ide.mcu.externaltools.gnu-tools-for-stm32.7-2018-q2-update.win32_1.5.0.202011040924/tools/bin/../lib/gcc/arm-none-eabi/7.3.1/thumb/v7e-m/fpv4-sp/hard/crtbegin.o
                0x000000000800361c                PROVIDE (__init_array_end = .)
                0x000000000800361c                . = ALIGN (0x4)

.fini_array     0x000000000800361c        0x4
                0x000000000800361c                . = ALIGN (0x4)
                [!provide]                        PROVIDE (__fini_array_start = .)
 *(SORT_BY_NAME(.fini_array.*))
 *(.fini_array*)
 .fini_array    0x000000000800361c        0x4 c:/ide/stm32cubeide_1.3.0/stm32cubeide/plugins/com.st.stm32cube.ide.mcu.externaltools.gnu-tools-for-stm32.7-2018-q2-update.win32_1.5.0.202011040924/tools/bin/../lib/gcc/arm-none-eabi/7.3.1/thumb/v7e-m/fpv4-sp/hard/crtbegin.o
                [!provide]                        PROVIDE (__fini_array_end = .)
                0x0000000008003620                . = ALIGN (0x4)
                0x0000000008003620                _sidata = LOADADDR (.data)

.data           0x0000000020000000        0xc load address 0x0000000008003620
                0x0000000020000000                . = ALIGN (0x4)
                0x0000000020000000                _sdata = .
 *(.data)
 *(.data*)
 .data.SystemCoreClock
                0x0000000020000000        0x4 Core/Src/system_stm32f4xx.o
                0x0000000020000000                SystemCoreClock
 .data.uwTickPrio
                0x0000000020000004        0x4 Drivers/STM32F4xx_HAL_Driver/Src/stm32f4xx_hal.o
                0x0000000020000004                uwTickPrio
 .data.uwTickFreq
                0x0000000020000008        0x1 Drivers/STM32F4xx_HAL_Driver/Src/stm32f4xx_hal.o
                0x0000000020000008                uwTickFreq
 *(.RamFunc)
 *(.RamFunc*)
                0x000000002000000c                . = ALIGN (0x4)
 *fill*         0x0000000020000009        0x3 
                0x000000002000000c                _edata = .

.igot.plt       0x000000002000000c        0x0 load address 0x000000000800362c
 .igot.plt      0x000000002000000c        0x0 c:/ide/stm32cubeide_1.3.0/stm32cubeide/plugins/com.st.stm32cube.ide.mcu.externaltools.gnu-tools-for-stm32.7-2018-q2-update.win32_1.5.0.202011040924/tools/bin/../lib/gcc/arm-none-eabi/7.3.1/thumb/v7e-m/fpv4-sp/hard/crtbegin.o
                0x000000002000000c                . = ALIGN (0x4)

.bss            0x000000002000000c      0x10c load address 0x000000000800362c
                0x000000002000000c                _sbss = .
                0x000000002000000c                __bss_start__ = _sbss
 *(.bss)
 .bss           0x000000002000000c       0x1c c:/ide/stm32cubeide_1.3.0/stm32cubeide/plugins/com.st.stm32cube.ide.mcu.externaltools.gnu-tools-for-stm32.7-2018-q2-update.win32_1.5.0.202011040924/tools/bin/../lib/gcc/arm-none-eabi/7.3.1/thumb/v7e-m/fpv4-sp/hard/crtbegin.o
 *(.bss*)
 .bss.trueRate  0x0000000020000028        0x1 Core/Src/main.o
                0x0000000020000028                trueRate
 *(COMMON)
 *fill*         0x0000000020000029        0x3 
 COMMON         0x000000002000002c       0xe5 Core/Src/main.o
                0x000000002000002c                receiveOK
                0x0000000020000030                myID2
                0x0000000020000038                myID1
                0x0000000020000040                hspi3
                0x0000000020000098                read_data
                0x00000000200000a2                counterID1
                0x00000000200000a3                transmitOK
                0x00000000200000a4                htim2
                0x00000000200000e4                myLoRa
                0x0000000020000110                counterID2
 *fill*         0x0000000020000111        0x3 
 COMMON         0x0000000020000114        0x4 Drivers/STM32F4xx_HAL_Driver/Src/stm32f4xx_hal.o
                0x0000000020000114                uwTick
                0x0000000020000118                . = ALIGN (0x4)
                0x0000000020000118                _ebss = .
                0x0000000020000118                __bss_end__ = _ebss

._user_heap_stack
                0x0000000020000118      0x600 load address 0x000000000800362c
                0x0000000020000118                . = ALIGN (0x8)
                [!provide]                        PROVIDE (end = .)
                0x0000000020000118                PROVIDE (_end = .)
                0x0000000020000318                . = (. + _Min_Heap_Size)
 *fill*         0x0000000020000118      0x200 
                0x0000000020000718                . = (. + _Min_Stack_Size)
 *fill*         0x0000000020000318      0x400 
                0x0000000020000718                . = ALIGN (0x8)

/DISCARD/
 libc.a(*)
 libm.a(*)
 libgcc.a(*)

.ARM.attributes
                0x0000000000000000       0x30
 *(.ARM.attributes)
 .ARM.attributes
                0x0000000000000000       0x22 c:/ide/stm32cubeide_1.3.0/stm32cubeide/plugins/com.st.stm32cube.ide.mcu.externaltools.gnu-tools-for-stm32.7-2018-q2-update.win32_1.5.0.202011040924/tools/bin/../lib/gcc/arm-none-eabi/7.3.1/thumb/v7e-m/fpv4-sp/hard/crti.o
 .ARM.attributes
                0x0000000000000022       0x34 c:/ide/stm32cubeide_1.3.0/stm32cubeide/plugins/com.st.stm32cube.ide.mcu.externaltools.gnu-tools-for-stm32.7-2018-q2-update.win32_1.5.0.202011040924/tools/bin/../lib/gcc/arm-none-eabi/7.3.1/thumb/v7e-m/fpv4-sp/hard/crtbegin.o
 .ARM.attributes
                0x0000000000000056       0x39 Core/Src/LoRa.o
 .ARM.attributes
                0x000000000000008f       0x39 Core/Src/main.o
 .ARM.attributes
                0x00000000000000c8       0x39 Core/Src/stm32f4xx_hal_msp.o
 .ARM.attributes
                0x0000000000000101       0x39 Core/Src/stm32f4xx_it.o
 .ARM.attributes
                0x000000000000013a       0x39 Core/Src/system_stm32f4xx.o
 .ARM.attributes
                0x0000000000000173       0x21 Core/Startup/startup_stm32f407vgtx.o
 .ARM.attributes
                0x0000000000000194       0x39 Drivers/STM32F4xx_HAL_Driver/Src/stm32f4xx_hal.o
 .ARM.attributes
                0x00000000000001cd       0x39 Drivers/STM32F4xx_HAL_Driver/Src/stm32f4xx_hal_cortex.o
 .ARM.attributes
                0x0000000000000206       0x39 Drivers/STM32F4xx_HAL_Driver/Src/stm32f4xx_hal_gpio.o
 .ARM.attributes
                0x000000000000023f       0x39 Drivers/STM32F4xx_HAL_Driver/Src/stm32f4xx_hal_rcc.o
 .ARM.attributes
                0x0000000000000278       0x39 Drivers/STM32F4xx_HAL_Driver/Src/stm32f4xx_hal_spi.o
 .ARM.attributes
                0x00000000000002b1       0x39 Drivers/STM32F4xx_HAL_Driver/Src/stm32f4xx_hal_tim.o
 .ARM.attributes
                0x00000000000002ea       0x39 Drivers/STM32F4xx_HAL_Driver/Src/stm32f4xx_hal_tim_ex.o
 .ARM.attributes
                0x0000000000000323       0x34 c:/ide/stm32cubeide_1.3.0/stm32cubeide/plugins/com.st.stm32cube.ide.mcu.externaltools.gnu-tools-for-stm32.7-2018-q2-update.win32_1.5.0.202011040924/tools/bin/../lib/gcc/arm-none-eabi/7.3.1/../../../../arm-none-eabi/lib/thumb/v7e-m/fpv4-sp/hard\libc_nano.a(lib_a-init.o)
 .ARM.attributes
                0x0000000000000357       0x34 c:/ide/stm32cubeide_1.3.0/stm32cubeide/plugins/com.st.stm32cube.ide.mcu.externaltools.gnu-tools-for-stm32.7-2018-q2-update.win32_1.5.0.202011040924/tools/bin/../lib/gcc/arm-none-eabi/7.3.1/../../../../arm-none-eabi/lib/thumb/v7e-m/fpv4-sp/hard\libc_nano.a(lib_a-memset.o)
 .ARM.attributes
                0x000000000000038b       0x22 c:/ide/stm32cubeide_1.3.0/stm32cubeide/plugins/com.st.stm32cube.ide.mcu.externaltools.gnu-tools-for-stm32.7-2018-q2-update.win32_1.5.0.202011040924/tools/bin/../lib/gcc/arm-none-eabi/7.3.1/thumb/v7e-m/fpv4-sp/hard\libgcc.a(_aeabi_uldivmod.o)
 .ARM.attributes
                0x00000000000003ad       0x34 c:/ide/stm32cubeide_1.3.0/stm32cubeide/plugins/com.st.stm32cube.ide.mcu.externaltools.gnu-tools-for-stm32.7-2018-q2-update.win32_1.5.0.202011040924/tools/bin/../lib/gcc/arm-none-eabi/7.3.1/thumb/v7e-m/fpv4-sp/hard\libgcc.a(_udivmoddi4.o)
 .ARM.attributes
                0x00000000000003e1       0x22 c:/ide/stm32cubeide_1.3.0/stm32cubeide/plugins/com.st.stm32cube.ide.mcu.externaltools.gnu-tools-for-stm32.7-2018-q2-update.win32_1.5.0.202011040924/tools/bin/../lib/gcc/arm-none-eabi/7.3.1/thumb/v7e-m/fpv4-sp/hard\libgcc.a(_dvmd_tls.o)
 .ARM.attributes
                0x0000000000000403       0x22 c:/ide/stm32cubeide_1.3.0/stm32cubeide/plugins/com.st.stm32cube.ide.mcu.externaltools.gnu-tools-for-stm32.7-2018-q2-update.win32_1.5.0.202011040924/tools/bin/../lib/gcc/arm-none-eabi/7.3.1/thumb/v7e-m/fpv4-sp/hard/crtn.o
OUTPUT(stm32_hard_lora_receive.elf elf32-littlearm)

.debug_info     0x0000000000000000     0xb72a
 .debug_info    0x0000000000000000      0xe79 Core/Src/LoRa.o
 .debug_info    0x0000000000000e79     0x1946 Core/Src/main.o
 .debug_info    0x00000000000027bf      0xeaa Core/Src/stm32f4xx_hal_msp.o
 .debug_info    0x0000000000003669      0x6eb Core/Src/stm32f4xx_it.o
 .debug_info    0x0000000000003d54      0x554 Core/Src/system_stm32f4xx.o
 .debug_info    0x00000000000042a8       0x22 Core/Startup/startup_stm32f407vgtx.o
 .debug_info    0x00000000000042ca      0x945 Drivers/STM32F4xx_HAL_Driver/Src/stm32f4xx_hal.o
 .debug_info    0x0000000000004c0f      0xe28 Drivers/STM32F4xx_HAL_Driver/Src/stm32f4xx_hal_cortex.o
 .debug_info    0x0000000000005a37      0x7b5 Drivers/STM32F4xx_HAL_Driver/Src/stm32f4xx_hal_gpio.o
 .debug_info    0x00000000000061ec      0x904 Drivers/STM32F4xx_HAL_Driver/Src/stm32f4xx_hal_rcc.o
 .debug_info    0x0000000000006af0     0x163a Drivers/STM32F4xx_HAL_Driver/Src/stm32f4xx_hal_spi.o
 .debug_info    0x000000000000812a     0x24a9 Drivers/STM32F4xx_HAL_Driver/Src/stm32f4xx_hal_tim.o
 .debug_info    0x000000000000a5d3     0x1157 Drivers/STM32F4xx_HAL_Driver/Src/stm32f4xx_hal_tim_ex.o

.debug_abbrev   0x0000000000000000     0x18d0
 .debug_abbrev  0x0000000000000000      0x254 Core/Src/LoRa.o
 .debug_abbrev  0x0000000000000254      0x2e2 Core/Src/main.o
 .debug_abbrev  0x0000000000000536      0x1a6 Core/Src/stm32f4xx_hal_msp.o
 .debug_abbrev  0x00000000000006dc      0x15a Core/Src/stm32f4xx_it.o
 .debug_abbrev  0x0000000000000836      0x12b Core/Src/system_stm32f4xx.o
 .debug_abbrev  0x0000000000000961       0x12 Core/Startup/startup_stm32f407vgtx.o
 .debug_abbrev  0x0000000000000973      0x1c7 Drivers/STM32F4xx_HAL_Driver/Src/stm32f4xx_hal.o
 .debug_abbrev  0x0000000000000b3a      0x2fa Drivers/STM32F4xx_HAL_Driver/Src/stm32f4xx_hal_cortex.o
 .debug_abbrev  0x0000000000000e34      0x1c9 Drivers/STM32F4xx_HAL_Driver/Src/stm32f4xx_hal_gpio.o
 .debug_abbrev  0x0000000000000ffd      0x245 Drivers/STM32F4xx_HAL_Driver/Src/stm32f4xx_hal_rcc.o
 .debug_abbrev  0x0000000000001242      0x240 Drivers/STM32F4xx_HAL_Driver/Src/stm32f4xx_hal_spi.o
 .debug_abbrev  0x0000000000001482      0x230 Drivers/STM32F4xx_HAL_Driver/Src/stm32f4xx_hal_tim.o
 .debug_abbrev  0x00000000000016b2      0x21e Drivers/STM32F4xx_HAL_Driver/Src/stm32f4xx_hal_tim_ex.o

.debug_aranges  0x0000000000000000      0xbc8
 .debug_aranges
                0x0000000000000000       0xd0 Core/Src/LoRa.o
 .debug_aranges
                0x00000000000000d0       0x50 Core/Src/main.o
 .debug_aranges
                0x0000000000000120       0x40 Core/Src/stm32f4xx_hal_msp.o
 .debug_aranges
                0x0000000000000160       0x68 Core/Src/stm32f4xx_it.o
 .debug_aranges
                0x00000000000001c8       0x28 Core/Src/system_stm32f4xx.o
 .debug_aranges
                0x00000000000001f0       0x28 Core/Startup/startup_stm32f407vgtx.o
 .debug_aranges
                0x0000000000000218       0xf0 Drivers/STM32F4xx_HAL_Driver/Src/stm32f4xx_hal.o
 .debug_aranges
                0x0000000000000308      0x118 Drivers/STM32F4xx_HAL_Driver/Src/stm32f4xx_hal_cortex.o
 .debug_aranges
                0x0000000000000420       0x58 Drivers/STM32F4xx_HAL_Driver/Src/stm32f4xx_hal_gpio.o
 .debug_aranges
                0x0000000000000478       0x88 Drivers/STM32F4xx_HAL_Driver/Src/stm32f4xx_hal_rcc.o
 .debug_aranges
                0x0000000000000500      0x1d0 Drivers/STM32F4xx_HAL_Driver/Src/stm32f4xx_hal_spi.o
 .debug_aranges
                0x00000000000006d0      0x3a8 Drivers/STM32F4xx_HAL_Driver/Src/stm32f4xx_hal_tim.o
 .debug_aranges
                0x0000000000000a78      0x150 Drivers/STM32F4xx_HAL_Driver/Src/stm32f4xx_hal_tim_ex.o

.debug_ranges   0x0000000000000000      0xb00
 .debug_ranges  0x0000000000000000       0xc0 Core/Src/LoRa.o
 .debug_ranges  0x00000000000000c0       0x40 Core/Src/main.o
 .debug_ranges  0x0000000000000100       0x30 Core/Src/stm32f4xx_hal_msp.o
 .debug_ranges  0x0000000000000130       0x58 Core/Src/stm32f4xx_it.o
 .debug_ranges  0x0000000000000188       0x18 Core/Src/system_stm32f4xx.o
 .debug_ranges  0x00000000000001a0       0x20 Core/Startup/startup_stm32f407vgtx.o
 .debug_ranges  0x00000000000001c0       0xe0 Drivers/STM32F4xx_HAL_Driver/Src/stm32f4xx_hal.o
 .debug_ranges  0x00000000000002a0      0x108 Drivers/STM32F4xx_HAL_Driver/Src/stm32f4xx_hal_cortex.o
 .debug_ranges  0x00000000000003a8       0x48 Drivers/STM32F4xx_HAL_Driver/Src/stm32f4xx_hal_gpio.o
 .debug_ranges  0x00000000000003f0       0x78 Drivers/STM32F4xx_HAL_Driver/Src/stm32f4xx_hal_rcc.o
 .debug_ranges  0x0000000000000468      0x1c0 Drivers/STM32F4xx_HAL_Driver/Src/stm32f4xx_hal_spi.o
 .debug_ranges  0x0000000000000628      0x398 Drivers/STM32F4xx_HAL_Driver/Src/stm32f4xx_hal_tim.o
 .debug_ranges  0x00000000000009c0      0x140 Drivers/STM32F4xx_HAL_Driver/Src/stm32f4xx_hal_tim_ex.o

.debug_macro    0x0000000000000000    0x20dfc
 .debug_macro   0x0000000000000000      0x1ec Core/Src/LoRa.o
 .debug_macro   0x00000000000001ec      0xa5a Core/Src/LoRa.o
 .debug_macro   0x0000000000000c46      0x294 Core/Src/LoRa.o
 .debug_macro   0x0000000000000eda       0x2e Core/Src/LoRa.o
 .debug_macro   0x0000000000000f08       0x2f Core/Src/LoRa.o
 .debug_macro   0x0000000000000f37       0x22 Core/Src/LoRa.o
 .debug_macro   0x0000000000000f59       0x8e Core/Src/LoRa.o
 .debug_macro   0x0000000000000fe7       0x51 Core/Src/LoRa.o
 .debug_macro   0x0000000000001038       0xef Core/Src/LoRa.o
 .debug_macro   0x0000000000001127       0x6a Core/Src/LoRa.o
 .debug_macro   0x0000000000001191      0x1df Core/Src/LoRa.o
 .debug_macro   0x0000000000001370       0x1c Core/Src/LoRa.o
 .debug_macro   0x000000000000138c       0x22 Core/Src/LoRa.o
 .debug_macro   0x00000000000013ae       0xdf Core/Src/LoRa.o
 .debug_macro   0x000000000000148d     0x102d Core/Src/LoRa.o
 .debug_macro   0x00000000000024ba      0x11f Core/Src/LoRa.o
 .debug_macro   0x00000000000025d9    0x15e3c Core/Src/LoRa.o
 .debug_macro   0x0000000000018415       0x43 Core/Src/LoRa.o
 .debug_macro   0x0000000000018458     0x3659 Core/Src/LoRa.o
 .debug_macro   0x000000000001bab1      0x174 Core/Src/LoRa.o
 .debug_macro   0x000000000001bc25       0x5a Core/Src/LoRa.o
 .debug_macro   0x000000000001bc7f      0x96b Core/Src/LoRa.o
 .debug_macro   0x000000000001c5ea      0x9fe Core/Src/LoRa.o
 .debug_macro   0x000000000001cfe8      0x117 Core/Src/LoRa.o
 .debug_macro   0x000000000001d0ff      0x13e Core/Src/LoRa.o
 .debug_macro   0x000000000001d23d       0x27 Core/Src/LoRa.o
 .debug_macro   0x000000000001d264      0x174 Core/Src/LoRa.o
 .debug_macro   0x000000000001d3d8      0x287 Core/Src/LoRa.o
 .debug_macro   0x000000000001d65f       0x5f Core/Src/LoRa.o
 .debug_macro   0x000000000001d6be      0x236 Core/Src/LoRa.o
 .debug_macro   0x000000000001d8f4      0x12c Core/Src/LoRa.o
 .debug_macro   0x000000000001da20      0x21e Core/Src/LoRa.o
 .debug_macro   0x000000000001dc3e       0x2e Core/Src/LoRa.o
 .debug_macro   0x000000000001dc6c      0x11a Core/Src/LoRa.o
 .debug_macro   0x000000000001dd86       0x7e Core/Src/LoRa.o
 .debug_macro   0x000000000001de04       0x89 Core/Src/LoRa.o
 .debug_macro   0x000000000001de8d      0x225 Core/Src/LoRa.o
 .debug_macro   0x000000000001e0b2      0x8a0 Core/Src/LoRa.o
 .debug_macro   0x000000000001e952       0x47 Core/Src/LoRa.o
 .debug_macro   0x000000000001e999      0x12d Core/Src/LoRa.o
 .debug_macro   0x000000000001eac6       0x34 Core/Src/LoRa.o
 .debug_macro   0x000000000001eafa      0x166 Core/Src/LoRa.o
 .debug_macro   0x000000000001ec60      0x3aa Core/Src/main.o
 .debug_macro   0x000000000001f00a       0x46 Core/Src/main.o
 .debug_macro   0x000000000001f050       0x18 Core/Src/main.o
 .debug_macro   0x000000000001f068       0x3c Core/Src/main.o
 .debug_macro   0x000000000001f0a4       0x34 Core/Src/main.o
 .debug_macro   0x000000000001f0d8       0x16 Core/Src/main.o
 .debug_macro   0x000000000001f0ee       0x35 Core/Src/main.o
 .debug_macro   0x000000000001f123      0x32a Core/Src/main.o
 .debug_macro   0x000000000001f44d       0x10 Core/Src/main.o
 .debug_macro   0x000000000001f45d       0x52 Core/Src/main.o
 .debug_macro   0x000000000001f4af       0x1f Core/Src/main.o
 .debug_macro   0x000000000001f4ce       0x43 Core/Src/main.o
 .debug_macro   0x000000000001f511       0x20 Core/Src/main.o
 .debug_macro   0x000000000001f531      0x1a3 Core/Src/main.o
 .debug_macro   0x000000000001f6d4       0x10 Core/Src/main.o
 .debug_macro   0x000000000001f6e4       0x1c Core/Src/main.o
 .debug_macro   0x000000000001f700       0x52 Core/Src/main.o
 .debug_macro   0x000000000001f752       0x40 Core/Src/main.o
 .debug_macro   0x000000000001f792       0x10 Core/Src/main.o
 .debug_macro   0x000000000001f7a2       0x40 Core/Src/main.o
 .debug_macro   0x000000000001f7e2       0xd7 Core/Src/main.o
 .debug_macro   0x000000000001f8b9       0x1c Core/Src/main.o
 .debug_macro   0x000000000001f8d5       0x3d Core/Src/main.o
 .debug_macro   0x000000000001f912       0x16 Core/Src/main.o
 .debug_macro   0x000000000001f928      0x145 Core/Src/main.o
 .debug_macro   0x000000000001fa6d       0x16 Core/Src/main.o
 .debug_macro   0x000000000001fa83       0x16 Core/Src/main.o
 .debug_macro   0x000000000001fa99       0x29 Core/Src/main.o
 .debug_macro   0x000000000001fac2       0x16 Core/Src/main.o
 .debug_macro   0x000000000001fad8       0x20 Core/Src/main.o
 .debug_macro   0x000000000001faf8      0x1dd Core/Src/stm32f4xx_hal_msp.o
 .debug_macro   0x000000000001fcd5      0x1e7 Core/Src/stm32f4xx_it.o
 .debug_macro   0x000000000001febc      0x1d4 Core/Src/system_stm32f4xx.o
 .debug_macro   0x0000000000020090      0x22e Drivers/STM32F4xx_HAL_Driver/Src/stm32f4xx_hal.o
 .debug_macro   0x00000000000202be      0x1ce Drivers/STM32F4xx_HAL_Driver/Src/stm32f4xx_hal_cortex.o
 .debug_macro   0x000000000002048c      0x204 Drivers/STM32F4xx_HAL_Driver/Src/stm32f4xx_hal_gpio.o
 .debug_macro   0x0000000000020690      0x1f2 Drivers/STM32F4xx_HAL_Driver/Src/stm32f4xx_hal_rcc.o
 .debug_macro   0x0000000000020882      0x1dd Drivers/STM32F4xx_HAL_Driver/Src/stm32f4xx_hal_spi.o
 .debug_macro   0x0000000000020a5f      0x1cf Drivers/STM32F4xx_HAL_Driver/Src/stm32f4xx_hal_tim.o
 .debug_macro   0x0000000000020c2e      0x1ce Drivers/STM32F4xx_HAL_Driver/Src/stm32f4xx_hal_tim_ex.o

.debug_line     0x0000000000000000     0x848f
 .debug_line    0x0000000000000000      0x942 Core/Src/LoRa.o
 .debug_line    0x0000000000000942      0xa29 Core/Src/main.o
 .debug_line    0x000000000000136b      0x71d Core/Src/stm32f4xx_hal_msp.o
 .debug_line    0x0000000000001a88      0x77e Core/Src/stm32f4xx_it.o
 .debug_line    0x0000000000002206      0x6df Core/Src/system_stm32f4xx.o
 .debug_line    0x00000000000028e5       0x85 Core/Startup/startup_stm32f407vgtx.o
 .debug_line    0x000000000000296a      0x8c9 Drivers/STM32F4xx_HAL_Driver/Src/stm32f4xx_hal.o
 .debug_line    0x0000000000003233      0x9ed Drivers/STM32F4xx_HAL_Driver/Src/stm32f4xx_hal_cortex.o
 .debug_line    0x0000000000003c20      0x8a8 Drivers/STM32F4xx_HAL_Driver/Src/stm32f4xx_hal_gpio.o
 .debug_line    0x00000000000044c8      0x921 Drivers/STM32F4xx_HAL_Driver/Src/stm32f4xx_hal_rcc.o
 .debug_line    0x0000000000004de9     0x1085 Drivers/STM32F4xx_HAL_Driver/Src/stm32f4xx_hal_spi.o
 .debug_line    0x0000000000005e6e     0x1942 Drivers/STM32F4xx_HAL_Driver/Src/stm32f4xx_hal_tim.o
 .debug_line    0x00000000000077b0      0xcdf Drivers/STM32F4xx_HAL_Driver/Src/stm32f4xx_hal_tim_ex.o

.debug_str      0x0000000000000000    0xc959f
 .debug_str     0x0000000000000000    0xc22ec Core/Src/LoRa.o
                                      0xc2616 (size before relaxing)
 .debug_str     0x00000000000c22ec     0x472b Core/Src/main.o
                                      0xc6c21 (size before relaxing)
 .debug_str     0x00000000000c6a17      0x55a Core/Src/stm32f4xx_hal_msp.o
                                      0xc282c (size before relaxing)
 .debug_str     0x00000000000c6f71       0xcd Core/Src/stm32f4xx_it.o
                                      0xc202d (size before relaxing)
 .debug_str     0x00000000000c703e       0xc4 Core/Src/system_stm32f4xx.o
                                      0xc1c3d (size before relaxing)
 .debug_str     0x00000000000c7102       0x36 Core/Startup/startup_stm32f407vgtx.o
                                         0x74 (size before relaxing)
 .debug_str     0x00000000000c7138      0x58d Drivers/STM32F4xx_HAL_Driver/Src/stm32f4xx_hal.o
                                      0xc270a (size before relaxing)
 .debug_str     0x00000000000c76c5      0x399 Drivers/STM32F4xx_HAL_Driver/Src/stm32f4xx_hal_cortex.o
                                      0xc24f9 (size before relaxing)
 .debug_str     0x00000000000c7a5e      0x207 Drivers/STM32F4xx_HAL_Driver/Src/stm32f4xx_hal_gpio.o
                                      0xc1e7c (size before relaxing)
 .debug_str     0x00000000000c7c65      0x24e Drivers/STM32F4xx_HAL_Driver/Src/stm32f4xx_hal_rcc.o
                                      0xc202a (size before relaxing)
 .debug_str     0x00000000000c7eb3      0x560 Drivers/STM32F4xx_HAL_Driver/Src/stm32f4xx_hal_spi.o
                                      0xc24ab (size before relaxing)
 .debug_str     0x00000000000c8413      0xcea Drivers/STM32F4xx_HAL_Driver/Src/stm32f4xx_hal_tim.o
                                      0xc2d49 (size before relaxing)
 .debug_str     0x00000000000c90fd      0x4a2 Drivers/STM32F4xx_HAL_Driver/Src/stm32f4xx_hal_tim_ex.o
                                      0xc2549 (size before relaxing)

.comment        0x0000000000000000       0x7b
 .comment       0x0000000000000000       0x7b Core/Src/LoRa.o
                                         0x7c (size before relaxing)
 .comment       0x000000000000007b       0x7c Core/Src/main.o
 .comment       0x000000000000007b       0x7c Core/Src/stm32f4xx_hal_msp.o
 .comment       0x000000000000007b       0x7c Core/Src/stm32f4xx_it.o
 .comment       0x000000000000007b       0x7c Core/Src/system_stm32f4xx.o
 .comment       0x000000000000007b       0x7c Drivers/STM32F4xx_HAL_Driver/Src/stm32f4xx_hal.o
 .comment       0x000000000000007b       0x7c Drivers/STM32F4xx_HAL_Driver/Src/stm32f4xx_hal_cortex.o
 .comment       0x000000000000007b       0x7c Drivers/STM32F4xx_HAL_Driver/Src/stm32f4xx_hal_gpio.o
 .comment       0x000000000000007b       0x7c Drivers/STM32F4xx_HAL_Driver/Src/stm32f4xx_hal_rcc.o
 .comment       0x000000000000007b       0x7c Drivers/STM32F4xx_HAL_Driver/Src/stm32f4xx_hal_spi.o
 .comment       0x000000000000007b       0x7c Drivers/STM32F4xx_HAL_Driver/Src/stm32f4xx_hal_tim.o
 .comment       0x000000000000007b       0x7c Drivers/STM32F4xx_HAL_Driver/Src/stm32f4xx_hal_tim_ex.o

.debug_frame    0x0000000000000000     0x3160
 .debug_frame   0x0000000000000000      0x364 Core/Src/LoRa.o
 .debug_frame   0x0000000000000364       0xf8 Core/Src/main.o
 .debug_frame   0x000000000000045c       0xc4 Core/Src/stm32f4xx_hal_msp.o
 .debug_frame   0x0000000000000520      0x120 Core/Src/stm32f4xx_it.o
 .debug_frame   0x0000000000000640       0x58 Core/Src/system_stm32f4xx.o
 .debug_frame   0x0000000000000698      0x374 Drivers/STM32F4xx_HAL_Driver/Src/stm32f4xx_hal.o
 .debug_frame   0x0000000000000a0c      0x498 Drivers/STM32F4xx_HAL_Driver/Src/stm32f4xx_hal_cortex.o
 .debug_frame   0x0000000000000ea4      0x14c Drivers/STM32F4xx_HAL_Driver/Src/stm32f4xx_hal_gpio.o
 .debug_frame   0x0000000000000ff0      0x1f0 Drivers/STM32F4xx_HAL_Driver/Src/stm32f4xx_hal_rcc.o
 .debug_frame   0x00000000000011e0      0x824 Drivers/STM32F4xx_HAL_Driver/Src/stm32f4xx_hal_spi.o
 .debug_frame   0x0000000000001a04     0x10f0 Drivers/STM32F4xx_HAL_Driver/Src/stm32f4xx_hal_tim.o
 .debug_frame   0x0000000000002af4      0x5c0 Drivers/STM32F4xx_HAL_Driver/Src/stm32f4xx_hal_tim_ex.o
 .debug_frame   0x00000000000030b4       0x2c c:/ide/stm32cubeide_1.3.0/stm32cubeide/plugins/com.st.stm32cube.ide.mcu.externaltools.gnu-tools-for-stm32.7-2018-q2-update.win32_1.5.0.202011040924/tools/bin/../lib/gcc/arm-none-eabi/7.3.1/../../../../arm-none-eabi/lib/thumb/v7e-m/fpv4-sp/hard\libc_nano.a(lib_a-init.o)
 .debug_frame   0x00000000000030e0       0x20 c:/ide/stm32cubeide_1.3.0/stm32cubeide/plugins/com.st.stm32cube.ide.mcu.externaltools.gnu-tools-for-stm32.7-2018-q2-update.win32_1.5.0.202011040924/tools/bin/../lib/gcc/arm-none-eabi/7.3.1/../../../../arm-none-eabi/lib/thumb/v7e-m/fpv4-sp/hard\libc_nano.a(lib_a-memset.o)
 .debug_frame   0x0000000000003100       0x2c c:/ide/stm32cubeide_1.3.0/stm32cubeide/plugins/com.st.stm32cube.ide.mcu.externaltools.gnu-tools-for-stm32.7-2018-q2-update.win32_1.5.0.202011040924/tools/bin/../lib/gcc/arm-none-eabi/7.3.1/thumb/v7e-m/fpv4-sp/hard\libgcc.a(_aeabi_uldivmod.o)
 .debug_frame   0x000000000000312c       0x34 c:/ide/stm32cubeide_1.3.0/stm32cubeide/plugins/com.st.stm32cube.ide.mcu.externaltools.gnu-tools-for-stm32.7-2018-q2-update.win32_1.5.0.202011040924/tools/bin/../lib/gcc/arm-none-eabi/7.3.1/thumb/v7e-m/fpv4-sp/hard\libgcc.a(_udivmoddi4.o)
