MFRC522.c:13:6:SPI_mfrc_Init	4	static
MFRC522.c:17:6:MFRC522_SetTargetID	16	static
MFRC522.c:34:6:MFRC522_ResetCounter	16	static
MFRC522.c:39:6:MFRC522_ResetLedState	8	static
MFRC522.c:47:6:MFRC522_SearchTag	16	static
MFRC522.c:55:9:MFRC522_DetectTargetTag	40	static
MFRC522.c:115:9:spi_transfer	32	static
MFRC522.c:121:6:writeRegister	16	static
MFRC522.c:132:6:readRegister	24	static
MFRC522.c:146:6:writeData	32	static
MFRC522.c:161:6:readData	48	static
MFRC522.c:201:6:Write_MFRC522	16	static
MFRC522.c:212:7:Read_MFRC522	24	static
MFRC522.c:231:6:MFRC522_Reset	8	static
MFRC522.c:250:6:MFRC522_Init	8	static
MFRC522.c:275:6:AntennaOn	8	static
MFRC522.c:285:6:SetBitMask	24	static
MFRC522.c:303:7:MFRC522_Request	32	static
MFRC522.c:330:7:MFRC522_ToCard	48	static
MFRC522.c:431:6:ClearBitMask	24	static
MFRC522.c:443:7:MFRC522_Anticoll	32	static
MFRC522.c:478:7:MFRC522_Read	32	static
MFRC522.c:500:7:MFRC522_Write	56	static
MFRC522.c:538:6:CalulateCRC	40	static
MFRC522.c:569:7:MFRC522_SelectTag	48	static
MFRC522.c:606:7:MFRC522_Auth	56	static
MFRC522.c:637:7:MFRC522_Halt	32	static
MFRC522.c:656:6:AntennaOff	8	static
