Archive member included to satisfy reference by file (symbol)

c:/ide/stm32cubeide_1.3.0/stm32cubeide/plugins/com.st.stm32cube.ide.mcu.externaltools.gnu-tools-for-stm32.7-2018-q2-update.win32_1.5.0.202011040924/tools/bin/../lib/gcc/arm-none-eabi/7.3.1/../../../../arm-none-eabi/lib/thumb/v7e-m/fpv4-sp/hard\libc_nano.a(lib_a-errno.o)
                              Core/Src/syscalls.o (__errno)
c:/ide/stm32cubeide_1.3.0/stm32cubeide/plugins/com.st.stm32cube.ide.mcu.externaltools.gnu-tools-for-stm32.7-2018-q2-update.win32_1.5.0.202011040924/tools/bin/../lib/gcc/arm-none-eabi/7.3.1/../../../../arm-none-eabi/lib/thumb/v7e-m/fpv4-sp/hard\libc_nano.a(lib_a-exit.o)
                              c:/ide/stm32cubeide_1.3.0/stm32cubeide/plugins/com.st.stm32cube.ide.mcu.externaltools.gnu-tools-for-stm32.7-2018-q2-update.win32_1.5.0.202011040924/tools/bin/../lib/gcc/arm-none-eabi/7.3.1/../../../../arm-none-eabi/lib/thumb/v7e-m/fpv4-sp/hard/crt0.o (exit)
c:/ide/stm32cubeide_1.3.0/stm32cubeide/plugins/com.st.stm32cube.ide.mcu.externaltools.gnu-tools-for-stm32.7-2018-q2-update.win32_1.5.0.202011040924/tools/bin/../lib/gcc/arm-none-eabi/7.3.1/../../../../arm-none-eabi/lib/thumb/v7e-m/fpv4-sp/hard\libc_nano.a(lib_a-impure.o)
                              c:/ide/stm32cubeide_1.3.0/stm32cubeide/plugins/com.st.stm32cube.ide.mcu.externaltools.gnu-tools-for-stm32.7-2018-q2-update.win32_1.5.0.202011040924/tools/bin/../lib/gcc/arm-none-eabi/7.3.1/../../../../arm-none-eabi/lib/thumb/v7e-m/fpv4-sp/hard\libc_nano.a(lib_a-exit.o) (_global_impure_ptr)
c:/ide/stm32cubeide_1.3.0/stm32cubeide/plugins/com.st.stm32cube.ide.mcu.externaltools.gnu-tools-for-stm32.7-2018-q2-update.win32_1.5.0.202011040924/tools/bin/../lib/gcc/arm-none-eabi/7.3.1/../../../../arm-none-eabi/lib/thumb/v7e-m/fpv4-sp/hard\libc_nano.a(lib_a-init.o)
                              c:/ide/stm32cubeide_1.3.0/stm32cubeide/plugins/com.st.stm32cube.ide.mcu.externaltools.gnu-tools-for-stm32.7-2018-q2-update.win32_1.5.0.202011040924/tools/bin/../lib/gcc/arm-none-eabi/7.3.1/../../../../arm-none-eabi/lib/thumb/v7e-m/fpv4-sp/hard/crt0.o (__libc_init_array)
c:/ide/stm32cubeide_1.3.0/stm32cubeide/plugins/com.st.stm32cube.ide.mcu.externaltools.gnu-tools-for-stm32.7-2018-q2-update.win32_1.5.0.202011040924/tools/bin/../lib/gcc/arm-none-eabi/7.3.1/../../../../arm-none-eabi/lib/thumb/v7e-m/fpv4-sp/hard\libc_nano.a(lib_a-memset.o)
                              c:/ide/stm32cubeide_1.3.0/stm32cubeide/plugins/com.st.stm32cube.ide.mcu.externaltools.gnu-tools-for-stm32.7-2018-q2-update.win32_1.5.0.202011040924/tools/bin/../lib/gcc/arm-none-eabi/7.3.1/../../../../arm-none-eabi/lib/thumb/v7e-m/fpv4-sp/hard/crt0.o (memset)
c:/ide/stm32cubeide_1.3.0/stm32cubeide/plugins/com.st.stm32cube.ide.mcu.externaltools.gnu-tools-for-stm32.7-2018-q2-update.win32_1.5.0.202011040924/tools/bin/../lib/gcc/arm-none-eabi/7.3.1/../../../../arm-none-eabi/lib/thumb/v7e-m/fpv4-sp/hard\libc_nano.a(lib_a-sprintf.o)
                              Core/Src/MFRC522.o (sprintf)
c:/ide/stm32cubeide_1.3.0/stm32cubeide/plugins/com.st.stm32cube.ide.mcu.externaltools.gnu-tools-for-stm32.7-2018-q2-update.win32_1.5.0.202011040924/tools/bin/../lib/gcc/arm-none-eabi/7.3.1/../../../../arm-none-eabi/lib/thumb/v7e-m/fpv4-sp/hard\libc_nano.a(lib_a-nano-svfprintf.o)
                              c:/ide/stm32cubeide_1.3.0/stm32cubeide/plugins/com.st.stm32cube.ide.mcu.externaltools.gnu-tools-for-stm32.7-2018-q2-update.win32_1.5.0.202011040924/tools/bin/../lib/gcc/arm-none-eabi/7.3.1/../../../../arm-none-eabi/lib/thumb/v7e-m/fpv4-sp/hard\libc_nano.a(lib_a-sprintf.o) (_svfprintf_r)
c:/ide/stm32cubeide_1.3.0/stm32cubeide/plugins/com.st.stm32cube.ide.mcu.externaltools.gnu-tools-for-stm32.7-2018-q2-update.win32_1.5.0.202011040924/tools/bin/../lib/gcc/arm-none-eabi/7.3.1/../../../../arm-none-eabi/lib/thumb/v7e-m/fpv4-sp/hard\libc_nano.a(lib_a-nano-vfprintf_i.o)
                              c:/ide/stm32cubeide_1.3.0/stm32cubeide/plugins/com.st.stm32cube.ide.mcu.externaltools.gnu-tools-for-stm32.7-2018-q2-update.win32_1.5.0.202011040924/tools/bin/../lib/gcc/arm-none-eabi/7.3.1/../../../../arm-none-eabi/lib/thumb/v7e-m/fpv4-sp/hard\libc_nano.a(lib_a-nano-svfprintf.o) (_printf_i)
c:/ide/stm32cubeide_1.3.0/stm32cubeide/plugins/com.st.stm32cube.ide.mcu.externaltools.gnu-tools-for-stm32.7-2018-q2-update.win32_1.5.0.202011040924/tools/bin/../lib/gcc/arm-none-eabi/7.3.1/../../../../arm-none-eabi/lib/thumb/v7e-m/fpv4-sp/hard\libc_nano.a(lib_a-memchr.o)
                              c:/ide/stm32cubeide_1.3.0/stm32cubeide/plugins/com.st.stm32cube.ide.mcu.externaltools.gnu-tools-for-stm32.7-2018-q2-update.win32_1.5.0.202011040924/tools/bin/../lib/gcc/arm-none-eabi/7.3.1/../../../../arm-none-eabi/lib/thumb/v7e-m/fpv4-sp/hard\libc_nano.a(lib_a-nano-svfprintf.o) (memchr)
[...]
Memory Configuration

Name             Origin             Length             Attributes
CCMRAM           0x0000000010000000 0x0000000000010000 xrw
RAM              0x0000000020000000 0x0000000000020000 xrw
FLASH            0x0000000008000000 0x0000000000100000 xr
*default*        0x0000000000000000 0xffffffffffffffff

Linker script and memory map

LOAD c:/ide/stm32cubeide_1.3.0/stm32cubeide/plugins/com.st.stm32cube.ide.mcu.externaltools.gnu-tools-for-stm32.7-2018-q2-update.win32_1.5.0.202011040924/tools/bin/../lib/gcc/arm-none-eabi/7.3.1/thumb/v7e-m/fpv4-sp/hard/crti.o
LOAD c:/ide/stm32cubeide_1.3.0/stm32cubeide/plugins/com.st.stm32cube.ide.mcu.externaltools.gnu-tools-for-stm32.7-2018-q2-update.win32_1.5.0.202011040924/tools/bin/../lib/gcc/arm-none-eabi/7.3.1/thumb/v7e-m/fpv4-sp/hard/crtbegin.o
LOAD c:/ide/stm32cubeide_1.3.0/stm32cubeide/plugins/com.st.stm32cube.ide.mcu.externaltools.gnu-tools-for-stm32.7-2018-q2-update.win32_1.5.0.202011040924/tools/bin/../lib/gcc/arm-none-eabi/7.3.1/../../../../arm-none-eabi/lib/thumb/v7e-m/fpv4-sp/hard/crt0.o
LOAD Core/Src/LoRa.o
LOAD Core/Src/LoRa_Config.o
LOAD Core/Src/MFRC522.o
LOAD Core/Src/main.o
LOAD Core/Src/stm32f4xx_hal_msp.o
LOAD Core/Src/stm32f4xx_it.o
LOAD Core/Src/syscalls.o
LOAD Core/Src/sysmem.o
LOAD Core/Src/system_stm32f4xx.o
LOAD Core/Startup/startup_stm32f407vgtx.o
LOAD Drivers/STM32F4xx_HAL_Driver/Src/stm32f4xx_hal.o
LOAD Drivers/STM32F4xx_HAL_Driver/Src/stm32f4xx_hal_cortex.o
LOAD Drivers/STM32F4xx_HAL_Driver/Src/stm32f4xx_hal_dma.o
LOAD Drivers/STM32F4xx_HAL_Driver/Src/stm32f4xx_hal_dma_ex.o
LOAD Drivers/STM32F4xx_HAL_Driver/Src/stm32f4xx_hal_exti.o
LOAD Drivers/STM32F4xx_HAL_Driver/Src/stm32f4xx_hal_flash.o
LOAD Drivers/STM32F4xx_HAL_Driver/Src/stm32f4xx_hal_flash_ex.o
LOAD Drivers/STM32F4xx_HAL_Driver/Src/stm32f4xx_hal_flash_ramfunc.o
LOAD Drivers/STM32F4xx_HAL_Driver/Src/stm32f4xx_hal_gpio.o
LOAD Drivers/STM32F4xx_HAL_Driver/Src/stm32f4xx_hal_pwr.o
LOAD Drivers/STM32F4xx_HAL_Driver/Src/stm32f4xx_hal_pwr_ex.o
LOAD Drivers/STM32F4xx_HAL_Driver/Src/stm32f4xx_hal_rcc.o
LOAD Drivers/STM32F4xx_HAL_Driver/Src/stm32f4xx_hal_rcc_ex.o
LOAD Drivers/STM32F4xx_HAL_Driver/Src/stm32f4xx_hal_spi.o
LOAD Drivers/STM32F4xx_HAL_Driver/Src/stm32f4xx_hal_tim.o
LOAD Drivers/STM32F4xx_HAL_Driver/Src/stm32f4xx_hal_tim_ex.o
START GROUP
LOAD c:/ide/stm32cubeide_1.3.0/stm32cubeide/plugins/com.st.stm32cube.ide.mcu.externaltools.gnu-tools-for-stm32.7-2018-q2-update.win32_1.5.0.202011040924/tools/bin/../lib/gcc/arm-none-eabi/7.3.1/../../../../arm-none-eabi/lib/thumb/v7e-m/fpv4-sp/hard\libc_nano.a
LOAD c:/ide/stm32cubeide_1.3.0/stm32cubeide/plugins/com.st.stm32cube.ide.mcu.externaltools.gnu-tools-for-stm32.7-2018-q2-update.win32_1.5.0.202011040924/tools/bin/../lib/gcc/arm-none-eabi/7.3.1/../../../../arm-none-eabi/lib/thumb/v7e-m/fpv4-sp/hard\libm.a
END GROUP
START GROUP
LOAD c:/ide/stm32cubeide_1.3.0/stm32cubeide/plugins/com.st.stm32cube.ide.mcu.externaltools.gnu-tools-for-stm32.7-2018-q2-update.win32_1.5.0.202011040924/tools/bin/../lib/gcc/arm-none-eabi/7.3.1/thumb/v7e-m/fpv4-sp/hard\libgcc.a
LOAD c:/ide/stm32cubeide_1.3.0/stm32cubeide/plugins/com.st.stm32cube.ide.mcu.externaltools.gnu-tools-for-stm32.7-2018-q2-update.win32_1.5.0.202011040924/tools/bin/../lib/gcc/arm-none-eabi/7.3.1/../../../../arm-none-eabi/lib/thumb/v7e-m/fpv4-sp/hard\libc_nano.a
END GROUP
START GROUP
LOAD c:/ide/stm32cubeide_1.3.0/stm32cubeide/plugins/com.st.stm32cube.ide.mcu.externaltools.gnu-tools-for-stm32.7-2018-q2-update.win32_1.5.0.202011040924/tools/bin/../lib/gcc/arm-none-eabi/7.3.1/thumb/v7e-m/fpv4-sp/hard\libgcc.a
LOAD c:/ide/stm32cubeide_1.3.0/stm32cubeide/plugins/com.st.stm32cube.ide.mcu.externaltools.gnu-tools-for-stm32.7-2018-q2-update.win32_1.5.0.202011040924/tools/bin/../lib/gcc/arm-none-eabi/7.3.1/../../../../arm-none-eabi/lib/thumb/v7e-m/fpv4-sp/hard\libc_nano.a
LOAD c:/ide/stm32cubeide_1.3.0/stm32cubeide/plugins/com.st.stm32cube.ide.mcu.externaltools.gnu-tools-for-stm32.7-2018-q2-update.win32_1.5.0.202011040924/tools/bin/../lib/gcc/arm-none-eabi/7.3.1/../../../../arm-none-eabi/lib/thumb/v7e-m/fpv4-sp/hard\libnosys.a
END GROUP
START GROUP
LOAD c:/ide/stm32cubeide_1.3.0/stm32cubeide/plugins/com.st.stm32cube.ide.mcu.externaltools.gnu-tools-for-stm32.7-2018-q2-update.win32_1.5.0.202011040924/tools/bin/../lib/gcc/arm-none-eabi/7.3.1/thumb/v7e-m/fpv4-sp/hard\libgcc.a
LOAD c:/ide/stm32cubeide_1.3.0/stm32cubeide/plugins/com.st.stm32cube.ide.mcu.externaltools.gnu-tools-for-stm32.7-2018-q2-update.win32_1.5.0.202011040924/tools/bin/../lib/gcc/arm-none-eabi/7.3.1/../../../../arm-none-eabi/lib/thumb/v7e-m/fpv4-sp/hard\libc_nano.a
LOAD c:/ide/stm32cubeide_1.3.0/stm32cubeide/plugins/com.st.stm32cube.ide.mcu.externaltools.gnu-tools-for-stm32.7-2018-q2-update.win32_1.5.0.202011040924/tools/bin/../lib/gcc/arm-none-eabi/7.3.1/../../../../arm-none-eabi/lib/thumb/v7e-m/fpv4-sp/hard\libnosys.a
END GROUP
LOAD c:/ide/stm32cubeide_1.3.0/stm32cubeide/plugins/com.st.stm32cube.ide.mcu.externaltools.gnu-tools-for-stm32.7-2018-q2-update.win32_1.5.0.202011040924/tools/bin/../lib/gcc/arm-none-eabi/7.3.1/thumb/v7e-m/fpv4-sp/hard/crtend.o
LOAD c:/ide/stm32cubeide_1.3.0/stm32cubeide/plugins/com.st.stm32cube.ide.mcu.externaltools.gnu-tools-for-stm32.7-2018-q2-update.win32_1.5.0.202011040924/tools/bin/../lib/gcc/arm-none-eabi/7.3.1/thumb/v7e-m/fpv4-sp/hard/crtn.o
                0x0000000020020000                _estack = (ORIGIN (RAM) + LENGTH (RAM))
                0x0000000000000200                _Min_Heap_Size = 0x200
                0x0000000000000400                _Min_Stack_Size = 0x400

.isr_vector     0x0000000008000000      0x188
                0x0000000008000000                . = ALIGN (0x4)
 *(.isr_vector)
 .isr_vector    0x0000000008000000      0x188 Core/Startup/startup_stm32f407vgtx.o
                0x0000000008000000                g_pfnVectors
                0x0000000008000188                . = ALIGN (0x4)

.text           0x0000000008000190     0x4480
                0x0000000008000190                . = ALIGN (0x4)
 *(.text)
 .text          0x0000000008000190       0x40 c:/ide/stm32cubeide_1.3.0/stm32cubeide/plugins/com.st.stm32cube.ide.mcu.externaltools.gnu-tools-for-stm32.7-2018-q2-update.win32_1.5.0.202011040924/tools/bin/../lib/gcc/arm-none-eabi/7.3.1/thumb/v7e-m/fpv4-sp/hard/crtbegin.o
 .text          0x00000000080001d0       0xa0 c:/ide/stm32cubeide_1.3.0/stm32cubeide/plugins/com.st.stm32cube.ide.mcu.externaltools.gnu-tools-for-stm32.7-2018-q2-update.win32_1.5.0.202011040924/tools/bin/../lib/gcc/arm-none-eabi/7.3.1/../../../../arm-none-eabi/lib/thumb/v7e-m/fpv4-sp/hard\libc_nano.a(lib_a-memchr.o)
                0x00000000080001d0                memchr
 .text          0x0000000008000270       0x30 c:/ide/stm32cubeide_1.3.0/stm32cubeide/plugins/com.st.stm32cube.ide.mcu.externaltools.gnu-tools-for-stm32.7-2018-q2-update.win32_1.5.0.202011040924/tools/bin/../lib/gcc/arm-none-eabi/7.3.1/thumb/v7e-m/fpv4-sp/hard\libgcc.a(_aeabi_uldivmod.o)
                0x0000000008000270                __aeabi_uldivmod
 .text          0x00000000080002a0      0x2cc c:/ide/stm32cubeide_1.3.0/stm32cubeide/plugins/com.st.stm32cube.ide.mcu.externaltools.gnu-tools-for-stm32.7-2018-q2-update.win32_1.5.0.202011040924/tools/bin/../lib/gcc/arm-none-eabi/7.3.1/thumb/v7e-m/fpv4-sp/hard\libgcc.a(_udivmoddi4.o)
                0x00000000080002a0                __udivmoddi4
 .text          0x000000000800056c        0x4 c:/ide/stm32cubeide_1.3.0/stm32cubeide/plugins/com.st.stm32cube.ide.mcu.externaltools.gnu-tools-for-stm32.7-2018-q2-update.win32_1.5.0.202011040924/tools/bin/../lib/gcc/arm-none-eabi/7.3.1/thumb/v7e-m/fpv4-sp/hard\libgcc.a(_dvmd_tls.o)
                0x000000000800056c                __aeabi_idiv0
                0x000000000800056c                __aeabi_ldiv0
 *(.text*)
 .text.newLoRa  0x0000000008000570       0x52 Core/Src/LoRa.o
                0x0000000008000570                newLoRa
 .text.LoRa_reset
                0x00000000080005c2       0x3c Core/Src/LoRa.o
                0x00000000080005c2                LoRa_reset
 .text.LoRa_gotoMode
                0x00000000080005fe       0xc2 Core/Src/LoRa.o
                0x00000000080005fe                LoRa_gotoMode
 .text.LoRa_readReg
                0x00000000080006c0       0xa0 Core/Src/LoRa.o
                0x00000000080006c0                LoRa_readReg
 .text.LoRa_writeReg
                0x0000000008000760       0x7c Core/Src/LoRa.o
                0x0000000008000760                LoRa_writeReg
 .text.LoRa_setFrequency
                0x00000000080007dc       0x60 Core/Src/LoRa.o
                0x00000000080007dc                LoRa_setFrequency
 .text.LoRa_setSpreadingFactor
                0x000000000800083c       0x5e Core/Src/LoRa.o
                0x000000000800083c                LoRa_setSpreadingFactor
 .text.LoRa_setPower
                0x000000000800089a       0x26 Core/Src/LoRa.o
                0x000000000800089a                LoRa_setPower
 .text.LoRa_setOCP
                0x00000000080008c0       0x7c Core/Src/LoRa.o
                0x00000000080008c0                LoRa_setOCP
 .text.LoRa_setTOMsb_setCRCon
                0x000000000800093c       0x36 Core/Src/LoRa.o
                0x000000000800093c                LoRa_setTOMsb_setCRCon
 .text.LoRa_read
                0x0000000008000972       0x36 Core/Src/LoRa.o
                0x0000000008000972                LoRa_read
 .text.LoRa_write
                0x00000000080009a8       0x3c Core/Src/LoRa.o
                0x00000000080009a8                LoRa_write
 .text.LoRa_BurstWrite
                0x00000000080009e4       0x8e Core/Src/LoRa.o
                0x00000000080009e4                LoRa_BurstWrite
 .text.LoRa_isvalid
                0x0000000008000a72       0x16 Core/Src/LoRa.o
                0x0000000008000a72                LoRa_isvalid
 .text.LoRa_transmit
                0x0000000008000a88       0xa6 Core/Src/LoRa.o
                0x0000000008000a88                LoRa_transmit
 .text.LoRa_WakeUp_Transmit
                0x0000000008000b2e       0x18 Core/Src/LoRa.o
                0x0000000008000b2e                LoRa_WakeUp_Transmit
 .text.LoRa_Sleep
                0x0000000008000b46       0x18 Core/Src/LoRa.o
                0x0000000008000b46                LoRa_Sleep
 .text.LoRa_init
                0x0000000008000b5e      0x148 Core/Src/LoRa.o
                0x0000000008000b5e                LoRa_init
 .text.MFRC522_SetTargetID
                0x0000000008000ca6       0x60 Core/Src/MFRC522.o
                0x0000000008000ca6                MFRC522_SetTargetID
 .text.MFRC522_ResetCounter
                0x0000000008000d06       0x24 Core/Src/MFRC522.o
                0x0000000008000d06                MFRC522_ResetCounter
 *fill*         0x0000000008000d2a        0x2 
 .text.MFRC522_ResetLedState
                0x0000000008000d2c       0x30 Core/Src/MFRC522.o
                0x0000000008000d2c                MFRC522_ResetLedState
 .text.MFRC522_SearchTag
                0x0000000008000d5c       0x3c Core/Src/MFRC522.o
                0x0000000008000d5c                MFRC522_SearchTag
 .text.MFRC522_DetectTargetTag
                0x0000000008000d98      0x1b8 Core/Src/MFRC522.o
                0x0000000008000d98                MFRC522_DetectTargetTag
 .text.spi_transfer
                0x0000000008000f50       0x2c Core/Src/MFRC522.o
                0x0000000008000f50                spi_transfer
 .text.Write_MFRC522
                0x0000000008000f7c       0x50 Core/Src/MFRC522.o
                0x0000000008000f7c                Write_MFRC522
 .text.Read_MFRC522
                0x0000000008000fcc       0x58 Core/Src/MFRC522.o
                0x0000000008000fcc                Read_MFRC522
 .text.MFRC522_Reset
                0x0000000008001024       0x10 Core/Src/MFRC522.o
                0x0000000008001024                MFRC522_Reset
 .text.MFRC522_Init
                0x0000000008001034       0x40 Core/Src/MFRC522.o
                0x0000000008001034                MFRC522_Init
 .text.AntennaOn
                0x0000000008001074       0x10 Core/Src/MFRC522.o
                0x0000000008001074                AntennaOn
 .text.SetBitMask
                0x0000000008001084       0x36 Core/Src/MFRC522.o
                0x0000000008001084                SetBitMask
 .text.MFRC522_Request
                0x00000000080010ba       0x4a Core/Src/MFRC522.o
                0x00000000080010ba                MFRC522_Request
 .text.MFRC522_ToCard
                0x0000000008001104      0x19a Core/Src/MFRC522.o
                0x0000000008001104                MFRC522_ToCard
 .text.ClearBitMask
                0x000000000800129e       0x40 Core/Src/MFRC522.o
                0x000000000800129e                ClearBitMask
 .text.MFRC522_Anticoll
                0x00000000080012de       0x7a Core/Src/MFRC522.o
                0x00000000080012de                MFRC522_Anticoll
 .text.main     0x0000000008001358       0xd8 Core/Src/main.o
                0x0000000008001358                main
 .text.SystemClock_Config
                0x0000000008001430       0xd4 Core/Src/main.o
                0x0000000008001430                SystemClock_Config
 .text.MX_SPI1_Init
                0x0000000008001504       0x6c Core/Src/main.o
 .text.MX_SPI3_Init
                0x0000000008001570       0x6c Core/Src/main.o
 .text.MX_TIM2_Init
                0x00000000080015dc       0x98 Core/Src/main.o
 .text.MX_GPIO_Init
                0x0000000008001674      0x13c Core/Src/main.o
 .text.HAL_TIM_PeriodElapsedCallback
                0x00000000080017b0       0xdc Core/Src/main.o
                0x00000000080017b0                HAL_TIM_PeriodElapsedCallback
 .text.Error_Handler
                0x000000000800188c        0x8 Core/Src/main.o
                0x000000000800188c                Error_Handler
 .text.HAL_MspInit
                0x0000000008001894       0x50 Core/Src/stm32f4xx_hal_msp.o
                0x0000000008001894                HAL_MspInit
 .text.HAL_SPI_MspInit
                0x00000000080018e4       0xfc Core/Src/stm32f4xx_hal_msp.o
                0x00000000080018e4                HAL_SPI_MspInit
 .text.HAL_TIM_Base_MspInit
                0x00000000080019e0       0x4c Core/Src/stm32f4xx_hal_msp.o
                0x00000000080019e0                HAL_TIM_Base_MspInit
 .text.NMI_Handler
                0x0000000008001a2c        0x6 Core/Src/stm32f4xx_it.o
                0x0000000008001a2c                NMI_Handler
 .text.HardFault_Handler
                0x0000000008001a32        0x6 Core/Src/stm32f4xx_it.o
                0x0000000008001a32                HardFault_Handler
 .text.MemManage_Handler
                0x0000000008001a38        0x6 Core/Src/stm32f4xx_it.o
                0x0000000008001a38                MemManage_Handler
 .text.BusFault_Handler
                0x0000000008001a3e        0x6 Core/Src/stm32f4xx_it.o
                0x0000000008001a3e                BusFault_Handler
 .text.UsageFault_Handler
                0x0000000008001a44        0x6 Core/Src/stm32f4xx_it.o
                0x0000000008001a44                UsageFault_Handler
 .text.SVC_Handler
                0x0000000008001a4a        0xe Core/Src/stm32f4xx_it.o
                0x0000000008001a4a                SVC_Handler
 .text.DebugMon_Handler
                0x0000000008001a58        0xe Core/Src/stm32f4xx_it.o
                0x0000000008001a58                DebugMon_Handler
 .text.PendSV_Handler
                0x0000000008001a66        0xe Core/Src/stm32f4xx_it.o
                0x0000000008001a66                PendSV_Handler
 .text.SysTick_Handler
                0x0000000008001a74        0xc Core/Src/stm32f4xx_it.o
                0x0000000008001a74                SysTick_Handler
 .text.TIM2_IRQHandler
                0x0000000008001a80       0x14 Core/Src/stm32f4xx_it.o
                0x0000000008001a80                TIM2_IRQHandler
 .text._sbrk    0x0000000008001a94       0x6c Core/Src/sysmem.o
                0x0000000008001a94                _sbrk
 .text.SystemInit
                0x0000000008001b00       0x2c Core/Src/system_stm32f4xx.o
                0x0000000008001b00                SystemInit
 .text.Reset_Handler
                0x0000000008001b2c       0x50 Core/Startup/startup_stm32f407vgtx.o
                0x0000000008001b2c                Reset_Handler
 .text.Default_Handler
                0x0000000008001b7c        0x2 Core/Startup/startup_stm32f407vgtx.o
                0x0000000008001b7c                RTC_Alarm_IRQHandler
                0x0000000008001b7c                HASH_RNG_IRQHandler
                0x0000000008001b7c                EXTI2_IRQHandler
                0x0000000008001b7c                TIM8_CC_IRQHandler
                0x0000000008001b7c                TIM1_CC_IRQHandler
                0x0000000008001b7c                DMA2_Stream5_IRQHandler
                0x0000000008001b7c                DMA1_Stream5_IRQHandler
                0x0000000008001b7c                PVD_IRQHandler
                0x0000000008001b7c                SDIO_IRQHandler
                0x0000000008001b7c                TAMP_STAMP_IRQHandler
                0x0000000008001b7c                CAN2_RX1_IRQHandler
                0x0000000008001b7c                EXTI3_IRQHandler
                0x0000000008001b7c                TIM8_TRG_COM_TIM14_IRQHandler
                0x0000000008001b7c                TIM1_UP_TIM10_IRQHandler
                0x0000000008001b7c                TIM8_UP_TIM13_IRQHandler
                0x0000000008001b7c                I2C3_ER_IRQHandler
                0x0000000008001b7c                EXTI0_IRQHandler
                0x0000000008001b7c                I2C2_EV_IRQHandler
                0x0000000008001b7c                DMA1_Stream2_IRQHandler
                0x0000000008001b7c                CAN1_RX0_IRQHandler
                0x0000000008001b7c                FPU_IRQHandler
                0x0000000008001b7c                OTG_HS_WKUP_IRQHandler
                0x0000000008001b7c                CAN2_SCE_IRQHandler
                0x0000000008001b7c                DMA2_Stream2_IRQHandler
                0x0000000008001b7c                SPI1_IRQHandler
                0x0000000008001b7c                TIM6_DAC_IRQHandler
                0x0000000008001b7c                TIM1_BRK_TIM9_IRQHandler
                0x0000000008001b7c                DCMI_IRQHandler
                0x0000000008001b7c                CAN2_RX0_IRQHandler
                0x0000000008001b7c                DMA2_Stream3_IRQHandler
                0x0000000008001b7c                USART6_IRQHandler
                0x0000000008001b7c                USART3_IRQHandler
                0x0000000008001b7c                CAN1_RX1_IRQHandler
                0x0000000008001b7c                UART5_IRQHandler
                0x0000000008001b7c                DMA2_Stream0_IRQHandler
                0x0000000008001b7c                TIM4_IRQHandler
                0x0000000008001b7c                I2C1_EV_IRQHandler
                0x0000000008001b7c                DMA1_Stream6_IRQHandler
                0x0000000008001b7c                DMA1_Stream1_IRQHandler
                0x0000000008001b7c                UART4_IRQHandler
                0x0000000008001b7c                TIM3_IRQHandler
                0x0000000008001b7c                RCC_IRQHandler
                0x0000000008001b7c                TIM8_BRK_TIM12_IRQHandler
                0x0000000008001b7c                Default_Handler
                0x0000000008001b7c                EXTI15_10_IRQHandler
                0x0000000008001b7c                ADC_IRQHandler
                0x0000000008001b7c                DMA1_Stream7_IRQHandler
                0x0000000008001b7c                TIM7_IRQHandler
                0x0000000008001b7c                CAN2_TX_IRQHandler
                0x0000000008001b7c                TIM5_IRQHandler
                0x0000000008001b7c                DMA2_Stream7_IRQHandler
                0x0000000008001b7c                I2C3_EV_IRQHandler
                0x0000000008001b7c                EXTI9_5_IRQHandler
                0x0000000008001b7c                RTC_WKUP_IRQHandler
                0x0000000008001b7c                ETH_WKUP_IRQHandler
                0x0000000008001b7c                SPI2_IRQHandler
                0x0000000008001b7c                OTG_HS_EP1_IN_IRQHandler
                0x0000000008001b7c                DMA1_Stream0_IRQHandler
                0x0000000008001b7c                CAN1_TX_IRQHandler
                0x0000000008001b7c                EXTI4_IRQHandler
                0x0000000008001b7c                FSMC_IRQHandler
                0x0000000008001b7c                ETH_IRQHandler
                0x0000000008001b7c                OTG_HS_EP1_OUT_IRQHandler
                0x0000000008001b7c                WWDG_IRQHandler
                0x0000000008001b7c                OTG_FS_WKUP_IRQHandler
                0x0000000008001b7c                TIM1_TRG_COM_TIM11_IRQHandler
                0x0000000008001b7c                OTG_HS_IRQHandler
                0x0000000008001b7c                EXTI1_IRQHandler
                0x0000000008001b7c                USART2_IRQHandler
                0x0000000008001b7c                I2C2_ER_IRQHandler
                0x0000000008001b7c                DMA2_Stream1_IRQHandler
                0x0000000008001b7c                CAN1_SCE_IRQHandler
                0x0000000008001b7c                FLASH_IRQHandler
                0x0000000008001b7c                DMA2_Stream4_IRQHandler
                0x0000000008001b7c                USART1_IRQHandler
                0x0000000008001b7c                OTG_FS_IRQHandler
                0x0000000008001b7c                SPI3_IRQHandler
                0x0000000008001b7c                DMA1_Stream4_IRQHandler
                0x0000000008001b7c                I2C1_ER_IRQHandler
                0x0000000008001b7c                DMA2_Stream6_IRQHandler
                0x0000000008001b7c                DMA1_Stream3_IRQHandler
 *fill*         0x0000000008001b7e        0x2 
 .text.HAL_Init
                0x0000000008001b80       0x44 Drivers/STM32F4xx_HAL_Driver/Src/stm32f4xx_hal.o
                0x0000000008001b80                HAL_Init
 .text.HAL_InitTick
                0x0000000008001bc4       0x60 Drivers/STM32F4xx_HAL_Driver/Src/stm32f4xx_hal.o
                0x0000000008001bc4                HAL_InitTick
 .text.HAL_IncTick
                0x0000000008001c24       0x28 Drivers/STM32F4xx_HAL_Driver/Src/stm32f4xx_hal.o
                0x0000000008001c24                HAL_IncTick
 .text.HAL_GetTick
                0x0000000008001c4c       0x18 Drivers/STM32F4xx_HAL_Driver/Src/stm32f4xx_hal.o
                0x0000000008001c4c                HAL_GetTick
 .text.HAL_Delay
                0x0000000008001c64       0x44 Drivers/STM32F4xx_HAL_Driver/Src/stm32f4xx_hal.o
                0x0000000008001c64                HAL_Delay
 .text.__NVIC_SetPriorityGrouping
                0x0000000008001ca8       0x48 Drivers/STM32F4xx_HAL_Driver/Src/stm32f4xx_hal_cortex.o
 .text.__NVIC_GetPriorityGrouping
                0x0000000008001cf0       0x1c Drivers/STM32F4xx_HAL_Driver/Src/stm32f4xx_hal_cortex.o
 .text.__NVIC_EnableIRQ
                0x0000000008001d0c       0x3c Drivers/STM32F4xx_HAL_Driver/Src/stm32f4xx_hal_cortex.o
 .text.__NVIC_SetPriority
                0x0000000008001d48       0x54 Drivers/STM32F4xx_HAL_Driver/Src/stm32f4xx_hal_cortex.o
 .text.NVIC_EncodePriority
                0x0000000008001d9c       0x66 Drivers/STM32F4xx_HAL_Driver/Src/stm32f4xx_hal_cortex.o
 *fill*         0x0000000008001e02        0x2 
 .text.SysTick_Config
                0x0000000008001e04       0x44 Drivers/STM32F4xx_HAL_Driver/Src/stm32f4xx_hal_cortex.o
 .text.HAL_NVIC_SetPriorityGrouping
                0x0000000008001e48       0x16 Drivers/STM32F4xx_HAL_Driver/Src/stm32f4xx_hal_cortex.o
                0x0000000008001e48                HAL_NVIC_SetPriorityGrouping
 .text.HAL_NVIC_SetPriority
                0x0000000008001e5e       0x38 Drivers/STM32F4xx_HAL_Driver/Src/stm32f4xx_hal_cortex.o
                0x0000000008001e5e                HAL_NVIC_SetPriority
 .text.HAL_NVIC_EnableIRQ
                0x0000000008001e96       0x1c Drivers/STM32F4xx_HAL_Driver/Src/stm32f4xx_hal_cortex.o
                0x0000000008001e96                HAL_NVIC_EnableIRQ
 .text.HAL_SYSTICK_Config
                0x0000000008001eb2       0x18 Drivers/STM32F4xx_HAL_Driver/Src/stm32f4xx_hal_cortex.o
                0x0000000008001eb2                HAL_SYSTICK_Config
 *fill*         0x0000000008001eca        0x2 
 .text.HAL_GPIO_Init
                0x0000000008001ecc      0x334 Drivers/STM32F4xx_HAL_Driver/Src/stm32f4xx_hal_gpio.o
                0x0000000008001ecc                HAL_GPIO_Init
 .text.HAL_GPIO_WritePin
                0x0000000008002200       0x32 Drivers/STM32F4xx_HAL_Driver/Src/stm32f4xx_hal_gpio.o
                0x0000000008002200                HAL_GPIO_WritePin
 .text.HAL_GPIO_TogglePin
                0x0000000008002232       0x36 Drivers/STM32F4xx_HAL_Driver/Src/stm32f4xx_hal_gpio.o
                0x0000000008002232                HAL_GPIO_TogglePin
 .text.HAL_RCC_OscConfig
                0x0000000008002268      0x4e0 Drivers/STM32F4xx_HAL_Driver/Src/stm32f4xx_hal_rcc.o
                0x0000000008002268                HAL_RCC_OscConfig
 .text.HAL_RCC_ClockConfig
                0x0000000008002748      0x1cc Drivers/STM32F4xx_HAL_Driver/Src/stm32f4xx_hal_rcc.o
                0x0000000008002748                HAL_RCC_ClockConfig
 .text.HAL_RCC_GetSysClockFreq
                0x0000000008002914      0x1b0 Drivers/STM32F4xx_HAL_Driver/Src/stm32f4xx_hal_rcc.o
                0x0000000008002914                HAL_RCC_GetSysClockFreq
 .text.HAL_SPI_Init
                0x0000000008002ac4       0xc8 Drivers/STM32F4xx_HAL_Driver/Src/stm32f4xx_hal_spi.o
                0x0000000008002ac4                HAL_SPI_Init
 .text.HAL_SPI_Transmit
                0x0000000008002b8c      0x268 Drivers/STM32F4xx_HAL_Driver/Src/stm32f4xx_hal_spi.o
                0x0000000008002b8c                HAL_SPI_Transmit
 .text.HAL_SPI_Receive
                0x0000000008002df4      0x212 Drivers/STM32F4xx_HAL_Driver/Src/stm32f4xx_hal_spi.o
                0x0000000008002df4                HAL_SPI_Receive
 .text.HAL_SPI_TransmitReceive
                0x0000000008003006      0x344 Drivers/STM32F4xx_HAL_Driver/Src/stm32f4xx_hal_spi.o
                0x0000000008003006                HAL_SPI_TransmitReceive
 .text.HAL_SPI_GetState
                0x000000000800334a       0x1c Drivers/STM32F4xx_HAL_Driver/Src/stm32f4xx_hal_spi.o
                0x000000000800334a                HAL_SPI_GetState
 .text.SPI_WaitFlagStateUntilTimeout
                0x0000000008003366       0xd4 Drivers/STM32F4xx_HAL_Driver/Src/stm32f4xx_hal_spi.o
 .text.SPI_EndRxTransaction
                0x000000000800343a       0xca Drivers/STM32F4xx_HAL_Driver/Src/stm32f4xx_hal_spi.o
 .text.SPI_EndRxTxTransaction
                0x0000000008003504       0x84 Drivers/STM32F4xx_HAL_Driver/Src/stm32f4xx_hal_spi.o
 .text.HAL_TIM_Base_Init
                0x0000000008003588       0x56 Drivers/STM32F4xx_HAL_Driver/Src/stm32f4xx_hal_tim.o
                0x0000000008003588                HAL_TIM_Base_Init
 .text.HAL_TIM_Base_Start_IT
                0x00000000080035de       0x48 Drivers/STM32F4xx_HAL_Driver/Src/stm32f4xx_hal_tim.o
                0x00000000080035de                HAL_TIM_Base_Start_IT
 .text.HAL_TIM_IRQHandler
                0x0000000008003626      0x210 Drivers/STM32F4xx_HAL_Driver/Src/stm32f4xx_hal_tim.o
                0x0000000008003626                HAL_TIM_IRQHandler
 .text.HAL_TIM_ConfigClockSource
                0x0000000008003836      0x16e Drivers/STM32F4xx_HAL_Driver/Src/stm32f4xx_hal_tim.o
                0x0000000008003836                HAL_TIM_ConfigClockSource
 .text.HAL_TIM_OC_DelayElapsedCallback
                0x00000000080039a4       0x14 Drivers/STM32F4xx_HAL_Driver/Src/stm32f4xx_hal_tim.o
                0x00000000080039a4                HAL_TIM_OC_DelayElapsedCallback
 .text.HAL_TIM_IC_CaptureCallback
                0x00000000080039b8       0x14 Drivers/STM32F4xx_HAL_Driver/Src/stm32f4xx_hal_tim.o
                0x00000000080039b8                HAL_TIM_IC_CaptureCallback
 .text.HAL_TIM_PWM_PulseFinishedCallback
                0x00000000080039cc       0x14 Drivers/STM32F4xx_HAL_Driver/Src/stm32f4xx_hal_tim.o
                0x00000000080039cc                HAL_TIM_PWM_PulseFinishedCallback
 .text.HAL_TIM_TriggerCallback
                0x00000000080039e0       0x14 Drivers/STM32F4xx_HAL_Driver/Src/stm32f4xx_hal_tim.o
                0x00000000080039e0                HAL_TIM_TriggerCallback
 .text.TIM_Base_SetConfig
                0x00000000080039f4      0x140 Drivers/STM32F4xx_HAL_Driver/Src/stm32f4xx_hal_tim.o
                0x00000000080039f4                TIM_Base_SetConfig
 .text.TIM_TI1_ConfigInputStage
                0x0000000008003b34       0x5e Drivers/STM32F4xx_HAL_Driver/Src/stm32f4xx_hal_tim.o
 .text.TIM_TI2_ConfigInputStage
                0x0000000008003b92       0x60 Drivers/STM32F4xx_HAL_Driver/Src/stm32f4xx_hal_tim.o
 .text.TIM_ITRx_SetConfig
                0x0000000008003bf2       0x36 Drivers/STM32F4xx_HAL_Driver/Src/stm32f4xx_hal_tim.o
 .text.TIM_ETR_SetConfig
                0x0000000008003c28       0x40 Drivers/STM32F4xx_HAL_Driver/Src/stm32f4xx_hal_tim.o
                0x0000000008003c28                TIM_ETR_SetConfig
 .text.HAL_TIMEx_MasterConfigSynchronization
                0x0000000008003c68       0xf8 Drivers/STM32F4xx_HAL_Driver/Src/stm32f4xx_hal_tim_ex.o
                0x0000000008003c68                HAL_TIMEx_MasterConfigSynchronization
 .text.HAL_TIMEx_CommutCallback
                0x0000000008003d60       0x14 Drivers/STM32F4xx_HAL_Driver/Src/stm32f4xx_hal_tim_ex.o
                0x0000000008003d60                HAL_TIMEx_CommutCallback
 .text.HAL_TIMEx_BreakCallback
                0x0000000008003d74       0x14 Drivers/STM32F4xx_HAL_Driver/Src/stm32f4xx_hal_tim_ex.o
                0x0000000008003d74                HAL_TIMEx_BreakCallback
 .text.__errno  0x0000000008003d88        0xc c:/ide/stm32cubeide_1.3.0/stm32cubeide/plugins/com.st.stm32cube.ide.mcu.externaltools.gnu-tools-for-stm32.7-2018-q2-update.win32_1.5.0.202011040924/tools/bin/../lib/gcc/arm-none-eabi/7.3.1/../../../../arm-none-eabi/lib/thumb/v7e-m/fpv4-sp/hard\libc_nano.a(lib_a-errno.o)
                0x0000000008003d88                __errno
 .text.__libc_init_array
                0x0000000008003d94       0x48 c:/ide/stm32cubeide_1.3.0/stm32cubeide/plugins/com.st.stm32cube.ide.mcu.externaltools.gnu-tools-for-stm32.7-2018-q2-update.win32_1.5.0.202011040924/tools/bin/../lib/gcc/arm-none-eabi/7.3.1/../../../../arm-none-eabi/lib/thumb/v7e-m/fpv4-sp/hard\libc_nano.a(lib_a-init.o)
                0x0000000008003d94                __libc_init_array
 .text.memset   0x0000000008003ddc       0x10 c:/ide/stm32cubeide_1.3.0/stm32cubeide/plugins/com.st.stm32cube.ide.mcu.externaltools.gnu-tools-for-stm32.7-2018-q2-update.win32_1.5.0.202011040924/tools/bin/../lib/gcc/arm-none-eabi/7.3.1/../../../../arm-none-eabi/lib/thumb/v7e-m/fpv4-sp/hard\libc_nano.a(lib_a-memset.o)
                0x0000000008003ddc                memset
 .text.sprintf  0x0000000008003dec       0x40 c:/ide/stm32cubeide_1.3.0/stm32cubeide/plugins/com.st.stm32cube.ide.mcu.externaltools.gnu-tools-for-stm32.7-2018-q2-update.win32_1.5.0.202011040924/tools/bin/../lib/gcc/arm-none-eabi/7.3.1/../../../../arm-none-eabi/lib/thumb/v7e-m/fpv4-sp/hard\libc_nano.a(lib_a-sprintf.o)
                0x0000000008003dec                siprintf
                0x0000000008003dec                sprintf
 .text.__ssputs_r
                0x0000000008003e2c       0xb4 c:/ide/stm32cubeide_1.3.0/stm32cubeide/plugins/com.st.stm32cube.ide.mcu.externaltools.gnu-tools-for-stm32.7-2018-q2-update.win32_1.5.0.202011040924/tools/bin/../lib/gcc/arm-none-eabi/7.3.1/../../../../arm-none-eabi/lib/thumb/v7e-m/fpv4-sp/hard\libc_nano.a(lib_a-nano-svfprintf.o)
                0x0000000008003e2c                __ssputs_r
 .text._svfprintf_r
                0x0000000008003ee0      0x1f0 c:/ide/stm32cubeide_1.3.0/stm32cubeide/plugins/com.st.stm32cube.ide.mcu.externaltools.gnu-tools-for-stm32.7-2018-q2-update.win32_1.5.0.202011040924/tools/bin/../lib/gcc/arm-none-eabi/7.3.1/../../../../arm-none-eabi/lib/thumb/v7e-m/fpv4-sp/hard\libc_nano.a(lib_a-nano-svfprintf.o)
                0x0000000008003ee0                _svfiprintf_r
                0x0000000008003ee0                _svfprintf_r
 .text._printf_common
                0x00000000080040d0       0xea c:/ide/stm32cubeide_1.3.0/stm32cubeide/plugins/com.st.stm32cube.ide.mcu.externaltools.gnu-tools-for-stm32.7-2018-q2-update.win32_1.5.0.202011040924/tools/bin/../lib/gcc/arm-none-eabi/7.3.1/../../../../arm-none-eabi/lib/thumb/v7e-m/fpv4-sp/hard\libc_nano.a(lib_a-nano-vfprintf_i.o)
                0x00000000080040d0                _printf_common
 *fill*         0x00000000080041ba        0x2 
 .text._printf_i
                0x00000000080041bc      0x224 c:/ide/stm32cubeide_1.3.0/stm32cubeide/plugins/com.st.stm32cube.ide.mcu.externaltools.gnu-tools-for-stm32.7-2018-q2-update.win32_1.5.0.202011040924/tools/bin/../lib/gcc/arm-none-eabi/7.3.1/../../../../arm-none-eabi/lib/thumb/v7e-m/fpv4-sp/hard\libc_nano.a(lib_a-nano-vfprintf_i.o)
                0x00000000080041bc                _printf_i
 .text.memcpy   0x00000000080043e0       0x16 c:/ide/stm32cubeide_1.3.0/stm32cubeide/plugins/com.st.stm32cube.ide.mcu.externaltools.gnu-tools-for-stm32.7-2018-q2-update.win32_1.5.0.202011040924/tools/bin/../lib/gcc/arm-none-eabi/7.3.1/../../../../arm-none-eabi/lib/thumb/v7e-m/fpv4-sp/hard\libc_nano.a(lib_a-memcpy-stub.o)
                0x00000000080043e0                memcpy
 .text.memmove  0x00000000080043f6       0x32 c:/ide/stm32cubeide_1.3.0/stm32cubeide/plugins/com.st.stm32cube.ide.mcu.externaltools.gnu-tools-for-stm32.7-2018-q2-update.win32_1.5.0.202011040924/tools/bin/../lib/gcc/arm-none-eabi/7.3.1/../../../../arm-none-eabi/lib/thumb/v7e-m/fpv4-sp/hard\libc_nano.a(lib_a-memmove.o)
                0x00000000080043f6                memmove
 .text._free_r  0x0000000008004428       0x9c c:/ide/stm32cubeide_1.3.0/stm32cubeide/plugins/com.st.stm32cube.ide.mcu.externaltools.gnu-tools-for-stm32.7-2018-q2-update.win32_1.5.0.202011040924/tools/bin/../lib/gcc/arm-none-eabi/7.3.1/../../../../arm-none-eabi/lib/thumb/v7e-m/fpv4-sp/hard\libc_nano.a(lib_a-nano-freer.o)
                0x0000000008004428                _free_r
 .text._malloc_r
                0x00000000080044c4       0xb4 c:/ide/stm32cubeide_1.3.0/stm32cubeide/plugins/com.st.stm32cube.ide.mcu.externaltools.gnu-tools-for-stm32.7-2018-q2-update.win32_1.5.0.202011040924/tools/bin/../lib/gcc/arm-none-eabi/7.3.1/../../../../arm-none-eabi/lib/thumb/v7e-m/fpv4-sp/hard\libc_nano.a(lib_a-nano-mallocr.o)
                0x00000000080044c4                _malloc_r
 .text._realloc_r
                0x0000000008004578       0x4c c:/ide/stm32cubeide_1.3.0/stm32cubeide/plugins/com.st.stm32cube.ide.mcu.externaltools.gnu-tools-for-stm32.7-2018-q2-update.win32_1.5.0.202011040924/tools/bin/../lib/gcc/arm-none-eabi/7.3.1/../../../../arm-none-eabi/lib/thumb/v7e-m/fpv4-sp/hard\libc_nano.a(lib_a-nano-reallocr.o)
                0x0000000008004578                _realloc_r
 .text._sbrk_r  0x00000000080045c4       0x20 c:/ide/stm32cubeide_1.3.0/stm32cubeide/plugins/com.st.stm32cube.ide.mcu.externaltools.gnu-tools-for-stm32.7-2018-q2-update.win32_1.5.0.202011040924/tools/bin/../lib/gcc/arm-none-eabi/7.3.1/../../../../arm-none-eabi/lib/thumb/v7e-m/fpv4-sp/hard\libc_nano.a(lib_a-sbrkr.o)
                0x00000000080045c4                _sbrk_r
 .text.__malloc_lock
                0x00000000080045e4        0x2 c:/ide/stm32cubeide_1.3.0/stm32cubeide/plugins/com.st.stm32cube.ide.mcu.externaltools.gnu-tools-for-stm32.7-2018-q2-update.win32_1.5.0.202011040924/tools/bin/../lib/gcc/arm-none-eabi/7.3.1/../../../../arm-none-eabi/lib/thumb/v7e-m/fpv4-sp/hard\libc_nano.a(lib_a-mlock.o)
                0x00000000080045e4                __malloc_lock
 .text.__malloc_unlock
                0x00000000080045e6        0x2 c:/ide/stm32cubeide_1.3.0/stm32cubeide/plugins/com.st.stm32cube.ide.mcu.externaltools.gnu-tools-for-stm32.7-2018-q2-update.win32_1.5.0.202011040924/tools/bin/../lib/gcc/arm-none-eabi/7.3.1/../../../../arm-none-eabi/lib/thumb/v7e-m/fpv4-sp/hard\libc_nano.a(lib_a-mlock.o)
                0x00000000080045e6                __malloc_unlock
 .text._malloc_usable_size_r
                0x00000000080045e8       0x10 c:/ide/stm32cubeide_1.3.0/stm32cubeide/plugins/com.st.stm32cube.ide.mcu.externaltools.gnu-tools-for-stm32.7-2018-q2-update.win32_1.5.0.202011040924/tools/bin/../lib/gcc/arm-none-eabi/7.3.1/../../../../arm-none-eabi/lib/thumb/v7e-m/fpv4-sp/hard\libc_nano.a(lib_a-nano-msizer.o)
                0x00000000080045e8                _malloc_usable_size_r
 *(.glue_7)
 .glue_7        0x00000000080045f8        0x0 linker stubs
 *(.glue_7t)
 .glue_7t       0x00000000080045f8        0x0 linker stubs
 *(.eh_frame)
 .eh_frame      0x00000000080045f8        0x0 c:/ide/stm32cubeide_1.3.0/stm32cubeide/plugins/com.st.stm32cube.ide.mcu.externaltools.gnu-tools-for-stm32.7-2018-q2-update.win32_1.5.0.202011040924/tools/bin/../lib/gcc/arm-none-eabi/7.3.1/thumb/v7e-m/fpv4-sp/hard/crtbegin.o
 *(.init)
 .init          0x00000000080045f8        0x4 c:/ide/stm32cubeide_1.3.0/stm32cubeide/plugins/com.st.stm32cube.ide.mcu.externaltools.gnu-tools-for-stm32.7-2018-q2-update.win32_1.5.0.202011040924/tools/bin/../lib/gcc/arm-none-eabi/7.3.1/thumb/v7e-m/fpv4-sp/hard/crti.o
                0x00000000080045f8                _init
 .init          0x00000000080045fc        0x8 c:/ide/stm32cubeide_1.3.0/stm32cubeide/plugins/com.st.stm32cube.ide.mcu.externaltools.gnu-tools-for-stm32.7-2018-q2-update.win32_1.5.0.202011040924/tools/bin/../lib/gcc/arm-none-eabi/7.3.1/thumb/v7e-m/fpv4-sp/hard/crtn.o
 *(.fini)
 .fini          0x0000000008004604        0x4 c:/ide/stm32cubeide_1.3.0/stm32cubeide/plugins/com.st.stm32cube.ide.mcu.externaltools.gnu-tools-for-stm32.7-2018-q2-update.win32_1.5.0.202011040924/tools/bin/../lib/gcc/arm-none-eabi/7.3.1/thumb/v7e-m/fpv4-sp/hard/crti.o
                0x0000000008004604                _fini
 .fini          0x0000000008004608        0x8 c:/ide/stm32cubeide_1.3.0/stm32cubeide/plugins/com.st.stm32cube.ide.mcu.externaltools.gnu-tools-for-stm32.7-2018-q2-update.win32_1.5.0.202011040924/tools/bin/../lib/gcc/arm-none-eabi/7.3.1/thumb/v7e-m/fpv4-sp/hard/crtn.o
                0x0000000008004610                . = ALIGN (0x4)
                0x0000000008004610                _etext = .

.vfp11_veneer   0x0000000008004610        0x0
 .vfp11_veneer  0x0000000008004610        0x0 linker stubs

.v4_bx          0x0000000008004610        0x0
 .v4_bx         0x0000000008004610        0x0 linker stubs

.iplt           0x0000000008004610        0x0
 .iplt          0x0000000008004610        0x0 c:/ide/stm32cubeide_1.3.0/stm32cubeide/plugins/com.st.stm32cube.ide.mcu.externaltools.gnu-tools-for-stm32.7-2018-q2-update.win32_1.5.0.202011040924/tools/bin/../lib/gcc/arm-none-eabi/7.3.1/thumb/v7e-m/fpv4-sp/hard/crtbegin.o

.rodata         0x0000000008004610       0x58
                0x0000000008004610                . = ALIGN (0x4)
 *(.rodata)
 .rodata        0x0000000008004610       0x12 Core/Src/MFRC522.o
 *(.rodata*)
 *fill*         0x0000000008004622        0x2 
 .rodata.AHBPrescTable
                0x0000000008004624       0x10 Core/Src/system_stm32f4xx.o
                0x0000000008004624                AHBPrescTable
 .rodata._svfprintf_r.str1.1
                0x0000000008004634       0x11 c:/ide/stm32cubeide_1.3.0/stm32cubeide/plugins/com.st.stm32cube.ide.mcu.externaltools.gnu-tools-for-stm32.7-2018-q2-update.win32_1.5.0.202011040924/tools/bin/../lib/gcc/arm-none-eabi/7.3.1/../../../../arm-none-eabi/lib/thumb/v7e-m/fpv4-sp/hard\libc_nano.a(lib_a-nano-svfprintf.o)
 .rodata._printf_i.str1.1
                0x0000000008004645       0x22 c:/ide/stm32cubeide_1.3.0/stm32cubeide/plugins/com.st.stm32cube.ide.mcu.externaltools.gnu-tools-for-stm32.7-2018-q2-update.win32_1.5.0.202011040924/tools/bin/../lib/gcc/arm-none-eabi/7.3.1/../../../../arm-none-eabi/lib/thumb/v7e-m/fpv4-sp/hard\libc_nano.a(lib_a-nano-vfprintf_i.o)
                0x0000000008004668                . = ALIGN (0x4)
 *fill*         0x0000000008004667        0x1 

.ARM.extab      0x0000000008004668        0x0
                0x0000000008004668                . = ALIGN (0x4)
 *(.ARM.extab* .gnu.linkonce.armextab.*)
                0x0000000008004668                . = ALIGN (0x4)

.ARM            0x0000000008004668        0x8
                0x0000000008004668                . = ALIGN (0x4)
                0x0000000008004668                __exidx_start = .
 *(.ARM.exidx*)
 .ARM.exidx     0x0000000008004668        0x8 c:/ide/stm32cubeide_1.3.0/stm32cubeide/plugins/com.st.stm32cube.ide.mcu.externaltools.gnu-tools-for-stm32.7-2018-q2-update.win32_1.5.0.202011040924/tools/bin/../lib/gcc/arm-none-eabi/7.3.1/thumb/v7e-m/fpv4-sp/hard\libgcc.a(_udivmoddi4.o)
                0x0000000008004670                __exidx_end = .
                0x0000000008004670                . = ALIGN (0x4)

.rel.dyn        0x0000000008004670        0x0
 .rel.iplt      0x0000000008004670        0x0 c:/ide/stm32cubeide_1.3.0/stm32cubeide/plugins/com.st.stm32cube.ide.mcu.externaltools.gnu-tools-for-stm32.7-2018-q2-update.win32_1.5.0.202011040924/tools/bin/../lib/gcc/arm-none-eabi/7.3.1/thumb/v7e-m/fpv4-sp/hard/crtbegin.o

.preinit_array  0x0000000008004670        0x0
                0x0000000008004670                . = ALIGN (0x4)
                0x0000000008004670                PROVIDE (__preinit_array_start = .)
 *(.preinit_array*)
                0x0000000008004670                PROVIDE (__preinit_array_end = .)
                0x0000000008004670                . = ALIGN (0x4)

.init_array     0x0000000008004670        0x4
                0x0000000008004670                . = ALIGN (0x4)
                0x0000000008004670                PROVIDE (__init_array_start = .)
 *(SORT_BY_NAME(.init_array.*))
 *(.init_array*)
 .init_array    0x0000000008004670        0x4 c:/ide/stm32cubeide_1.3.0/stm32cubeide/plugins/com.st.stm32cube.ide.mcu.externaltools.gnu-tools-for-stm32.7-2018-q2-update.win32_1.5.0.202011040924/tools/bin/../lib/gcc/arm-none-eabi/7.3.1/thumb/v7e-m/fpv4-sp/hard/crtbegin.o
                0x0000000008004674                PROVIDE (__init_array_end = .)
                0x0000000008004674                . = ALIGN (0x4)

.fini_array     0x0000000008004674        0x4
                0x0000000008004674                . = ALIGN (0x4)
                [!provide]                        PROVIDE (__fini_array_start = .)
 *(SORT_BY_NAME(.fini_array.*))
 *(.fini_array*)
 .fini_array    0x0000000008004674        0x4 c:/ide/stm32cubeide_1.3.0/stm32cubeide/plugins/com.st.stm32cube.ide.mcu.externaltools.gnu-tools-for-stm32.7-2018-q2-update.win32_1.5.0.202011040924/tools/bin/../lib/gcc/arm-none-eabi/7.3.1/thumb/v7e-m/fpv4-sp/hard/crtbegin.o
                [!provide]                        PROVIDE (__fini_array_end = .)
                0x0000000008004678                . = ALIGN (0x4)
                0x0000000008004678                _sidata = LOADADDR (.data)

.data           0x0000000020000000       0x70 load address 0x0000000008004678
                0x0000000020000000                . = ALIGN (0x4)
                0x0000000020000000                _sdata = .
 *(.data)
 *(.data*)
 .data.SystemCoreClock
                0x0000000020000000        0x4 Core/Src/system_stm32f4xx.o
                0x0000000020000000                SystemCoreClock
 .data.uwTickPrio
                0x0000000020000004        0x4 Drivers/STM32F4xx_HAL_Driver/Src/stm32f4xx_hal.o
                0x0000000020000004                uwTickPrio
 .data.uwTickFreq
                0x0000000020000008        0x1 Drivers/STM32F4xx_HAL_Driver/Src/stm32f4xx_hal.o
                0x0000000020000008                uwTickFreq
 *fill*         0x0000000020000009        0x3 
 .data._impure_ptr
                0x000000002000000c        0x4 c:/ide/stm32cubeide_1.3.0/stm32cubeide/plugins/com.st.stm32cube.ide.mcu.externaltools.gnu-tools-for-stm32.7-2018-q2-update.win32_1.5.0.202011040924/tools/bin/../lib/gcc/arm-none-eabi/7.3.1/../../../../arm-none-eabi/lib/thumb/v7e-m/fpv4-sp/hard\libc_nano.a(lib_a-impure.o)
                0x000000002000000c                _impure_ptr
 .data.impure_data
                0x0000000020000010       0x60 c:/ide/stm32cubeide_1.3.0/stm32cubeide/plugins/com.st.stm32cube.ide.mcu.externaltools.gnu-tools-for-stm32.7-2018-q2-update.win32_1.5.0.202011040924/tools/bin/../lib/gcc/arm-none-eabi/7.3.1/../../../../arm-none-eabi/lib/thumb/v7e-m/fpv4-sp/hard\libc_nano.a(lib_a-impure.o)
 *(.RamFunc)
 *(.RamFunc*)
                0x0000000020000070                . = ALIGN (0x4)
                0x0000000020000070                _edata = .

.igot.plt       0x0000000020000070        0x0 load address 0x00000000080046e8
 .igot.plt      0x0000000020000070        0x0 c:/ide/stm32cubeide_1.3.0/stm32cubeide/plugins/com.st.stm32cube.ide.mcu.externaltools.gnu-tools-for-stm32.7-2018-q2-update.win32_1.5.0.202011040924/tools/bin/../lib/gcc/arm-none-eabi/7.3.1/thumb/v7e-m/fpv4-sp/hard/crtbegin.o
                0x0000000020000070                . = ALIGN (0x4)

.bss            0x0000000020000070      0x380 load address 0x00000000080046e8
                0x0000000020000070                _sbss = .
                0x0000000020000070                __bss_start__ = _sbss
 *(.bss)
 .bss           0x0000000020000070       0x1c c:/ide/stm32cubeide_1.3.0/stm32cubeide/plugins/com.st.stm32cube.ide.mcu.externaltools.gnu-tools-for-stm32.7-2018-q2-update.win32_1.5.0.202011040924/tools/bin/../lib/gcc/arm-none-eabi/7.3.1/thumb/v7e-m/fpv4-sp/hard/crtbegin.o
 *(.bss*)
 .bss.trueRate  0x000000002000008c        0x1 Core/Src/main.o
                0x000000002000008c                trueRate
 *fill*         0x000000002000008d        0x3 
 .bss.__sbrk_heap_end
                0x0000000020000090        0x4 Core/Src/sysmem.o
 .bss.__malloc_free_list
                0x0000000020000094        0x4 c:/ide/stm32cubeide_1.3.0/stm32cubeide/plugins/com.st.stm32cube.ide.mcu.externaltools.gnu-tools-for-stm32.7-2018-q2-update.win32_1.5.0.202011040924/tools/bin/../lib/gcc/arm-none-eabi/7.3.1/../../../../arm-none-eabi/lib/thumb/v7e-m/fpv4-sp/hard\libc_nano.a(lib_a-nano-mallocr.o)
                0x0000000020000094                __malloc_free_list
 .bss.__malloc_sbrk_start
                0x0000000020000098        0x4 c:/ide/stm32cubeide_1.3.0/stm32cubeide/plugins/com.st.stm32cube.ide.mcu.externaltools.gnu-tools-for-stm32.7-2018-q2-update.win32_1.5.0.202011040924/tools/bin/../lib/gcc/arm-none-eabi/7.3.1/../../../../arm-none-eabi/lib/thumb/v7e-m/fpv4-sp/hard\libc_nano.a(lib_a-nano-mallocr.o)
                0x0000000020000098                __malloc_sbrk_start
 *(COMMON)
 COMMON         0x000000002000009c        0x5 Core/Src/LoRa.o
                0x000000002000009c                mystr
 *fill*         0x00000000200000a1        0x3 
 COMMON         0x00000000200000a4      0x344 Core/Src/main.o
                0x00000000200000a4                LoRa_Transceiver_Handle_1
                0x00000000200001a4                MFRC522_Handle
                0x00000000200001c6                receiveOK
                0x00000000200001c8                hspi3
                0x0000000020000220                read_data
                0x00000000200002a0                OK
                0x00000000200002a1                transmitOK
                0x00000000200002a4                send_data
                0x0000000020000324                hspi1
                0x000000002000037c                htim2
                0x00000000200003bc                myLoRa
 COMMON         0x00000000200003e8        0x4 Drivers/STM32F4xx_HAL_Driver/Src/stm32f4xx_hal.o
                0x00000000200003e8                uwTick
 COMMON         0x00000000200003ec        0x4 c:/ide/stm32cubeide_1.3.0/stm32cubeide/plugins/com.st.stm32cube.ide.mcu.externaltools.gnu-tools-for-stm32.7-2018-q2-update.win32_1.5.0.202011040924/tools/bin/../lib/gcc/arm-none-eabi/7.3.1/../../../../arm-none-eabi/lib/thumb/v7e-m/fpv4-sp/hard\libc_nano.a(lib_a-reent.o)
                0x00000000200003ec                errno
                0x00000000200003f0                . = ALIGN (0x4)
                0x00000000200003f0                _ebss = .
                0x00000000200003f0                __bss_end__ = _ebss

._user_heap_stack
                0x00000000200003f0      0x600 load address 0x00000000080046e8
                0x00000000200003f0                . = ALIGN (0x8)
                [!provide]                        PROVIDE (end = .)
                0x00000000200003f0                PROVIDE (_end = .)
                0x00000000200005f0                . = (. + _Min_Heap_Size)
 *fill*         0x00000000200003f0      0x200 
                0x00000000200009f0                . = (. + _Min_Stack_Size)
 *fill*         0x00000000200005f0      0x400 
                0x00000000200009f0                . = ALIGN (0x8)

/DISCARD/
 libc.a(*)
 libm.a(*)
 libgcc.a(*)

.ARM.attributes
                0x0000000000000000       0x30
 *(.ARM.attributes)
 .ARM.attributes
                0x0000000000000000       0x22 c:/ide/stm32cubeide_1.3.0/stm32cubeide/plugins/com.st.stm32cube.ide.mcu.externaltools.gnu-tools-for-stm32.7-2018-q2-update.win32_1.5.0.202011040924/tools/bin/../lib/gcc/arm-none-eabi/7.3.1/thumb/v7e-m/fpv4-sp/hard/crti.o
 .ARM.attributes
                0x0000000000000022       0x34 c:/ide/stm32cubeide_1.3.0/stm32cubeide/plugins/com.st.stm32cube.ide.mcu.externaltools.gnu-tools-for-stm32.7-2018-q2-update.win32_1.5.0.202011040924/tools/bin/../lib/gcc/arm-none-eabi/7.3.1/thumb/v7e-m/fpv4-sp/hard/crtbegin.o
 .ARM.attributes
                0x0000000000000056       0x39 Core/Src/LoRa.o
 .ARM.attributes
                0x000000000000008f       0x39 Core/Src/MFRC522.o
 .ARM.attributes
                0x00000000000000c8       0x39 Core/Src/main.o
 .ARM.attributes
                0x0000000000000101       0x39 Core/Src/stm32f4xx_hal_msp.o
 .ARM.attributes
                0x000000000000013a       0x39 Core/Src/stm32f4xx_it.o
 .ARM.attributes
                0x0000000000000173       0x39 Core/Src/sysmem.o
 .ARM.attributes
                0x00000000000001ac       0x39 Core/Src/system_stm32f4xx.o
 .ARM.attributes
                0x00000000000001e5       0x21 Core/Startup/startup_stm32f407vgtx.o
 .ARM.attributes
                0x0000000000000206       0x39 Drivers/STM32F4xx_HAL_Driver/Src/stm32f4xx_hal.o
 .ARM.attributes
                0x000000000000023f       0x39 Drivers/STM32F4xx_HAL_Driver/Src/stm32f4xx_hal_cortex.o
 .ARM.attributes
                0x0000000000000278       0x39 Drivers/STM32F4xx_HAL_Driver/Src/stm32f4xx_hal_gpio.o
 .ARM.attributes
                0x00000000000002b1       0x39 Drivers/STM32F4xx_HAL_Driver/Src/stm32f4xx_hal_rcc.o
 .ARM.attributes
                0x00000000000002ea       0x39 Drivers/STM32F4xx_HAL_Driver/Src/stm32f4xx_hal_spi.o
 .ARM.attributes
                0x0000000000000323       0x39 Drivers/STM32F4xx_HAL_Driver/Src/stm32f4xx_hal_tim.o
 .ARM.attributes
                0x000000000000035c       0x39 Drivers/STM32F4xx_HAL_Driver/Src/stm32f4xx_hal_tim_ex.o
 .ARM.attributes
                0x0000000000000395       0x34 c:/ide/stm32cubeide_1.3.0/stm32cubeide/plugins/com.st.stm32cube.ide.mcu.externaltools.gnu-tools-for-stm32.7-2018-q2-update.win32_1.5.0.202011040924/tools/bin/../lib/gcc/arm-none-eabi/7.3.1/../../../../arm-none-eabi/lib/thumb/v7e-m/fpv4-sp/hard\libc_nano.a(lib_a-errno.o)
 .ARM.attributes
                0x00000000000003c9       0x34 c:/ide/stm32cubeide_1.3.0/stm32cubeide/plugins/com.st.stm32cube.ide.mcu.externaltools.gnu-tools-for-stm32.7-2018-q2-update.win32_1.5.0.202011040924/tools/bin/../lib/gcc/arm-none-eabi/7.3.1/../../../../arm-none-eabi/lib/thumb/v7e-m/fpv4-sp/hard\libc_nano.a(lib_a-impure.o)
 .ARM.attributes
                0x00000000000003fd       0x34 c:/ide/stm32cubeide_1.3.0/stm32cubeide/plugins/com.st.stm32cube.ide.mcu.externaltools.gnu-tools-for-stm32.7-2018-q2-update.win32_1.5.0.202011040924/tools/bin/../lib/gcc/arm-none-eabi/7.3.1/../../../../arm-none-eabi/lib/thumb/v7e-m/fpv4-sp/hard\libc_nano.a(lib_a-init.o)
 .ARM.attributes
                0x0000000000000431       0x34 c:/ide/stm32cubeide_1.3.0/stm32cubeide/plugins/com.st.stm32cube.ide.mcu.externaltools.gnu-tools-for-stm32.7-2018-q2-update.win32_1.5.0.202011040924/tools/bin/../lib/gcc/arm-none-eabi/7.3.1/../../../../arm-none-eabi/lib/thumb/v7e-m/fpv4-sp/hard\libc_nano.a(lib_a-memset.o)
 .ARM.attributes
                0x0000000000000465       0x34 c:/ide/stm32cubeide_1.3.0/stm32cubeide/plugins/com.st.stm32cube.ide.mcu.externaltools.gnu-tools-for-stm32.7-2018-q2-update.win32_1.5.0.202011040924/tools/bin/../lib/gcc/arm-none-eabi/7.3.1/../../../../arm-none-eabi/lib/thumb/v7e-m/fpv4-sp/hard\libc_nano.a(lib_a-sprintf.o)
 .ARM.attributes
                0x0000000000000499       0x34 c:/ide/stm32cubeide_1.3.0/stm32cubeide/plugins/com.st.stm32cube.ide.mcu.externaltools.gnu-tools-for-stm32.7-2018-q2-update.win32_1.5.0.202011040924/tools/bin/../lib/gcc/arm-none-eabi/7.3.1/../../../../arm-none-eabi/lib/thumb/v7e-m/fpv4-sp/hard\libc_nano.a(lib_a-nano-svfprintf.o)
 .ARM.attributes
                0x00000000000004cd       0x34 c:/ide/stm32cubeide_1.3.0/stm32cubeide/plugins/com.st.stm32cube.ide.mcu.externaltools.gnu-tools-for-stm32.7-2018-q2-update.win32_1.5.0.202011040924/tools/bin/../lib/gcc/arm-none-eabi/7.3.1/../../../../arm-none-eabi/lib/thumb/v7e-m/fpv4-sp/hard\libc_nano.a(lib_a-nano-vfprintf_i.o)
 .ARM.attributes
                0x0000000000000501       0x20 c:/ide/stm32cubeide_1.3.0/stm32cubeide/plugins/com.st.stm32cube.ide.mcu.externaltools.gnu-tools-for-stm32.7-2018-q2-update.win32_1.5.0.202011040924/tools/bin/../lib/gcc/arm-none-eabi/7.3.1/../../../../arm-none-eabi/lib/thumb/v7e-m/fpv4-sp/hard\libc_nano.a(lib_a-memchr.o)
 .ARM.attributes
                0x0000000000000521       0x34 c:/ide/stm32cubeide_1.3.0/stm32cubeide/plugins/com.st.stm32cube.ide.mcu.externaltools.gnu-tools-for-stm32.7-2018-q2-update.win32_1.5.0.202011040924/tools/bin/../lib/gcc/arm-none-eabi/7.3.1/../../../../arm-none-eabi/lib/thumb/v7e-m/fpv4-sp/hard\libc_nano.a(lib_a-memcpy-stub.o)
 .ARM.attributes
                0x0000000000000555       0x34 c:/ide/stm32cubeide_1.3.0/stm32cubeide/plugins/com.st.stm32cube.ide.mcu.externaltools.gnu-tools-for-stm32.7-2018-q2-update.win32_1.5.0.202011040924/tools/bin/../lib/gcc/arm-none-eabi/7.3.1/../../../../arm-none-eabi/lib/thumb/v7e-m/fpv4-sp/hard\libc_nano.a(lib_a-memmove.o)
 .ARM.attributes
                0x0000000000000589       0x34 c:/ide/stm32cubeide_1.3.0/stm32cubeide/plugins/com.st.stm32cube.ide.mcu.externaltools.gnu-tools-for-stm32.7-2018-q2-update.win32_1.5.0.202011040924/tools/bin/../lib/gcc/arm-none-eabi/7.3.1/../../../../arm-none-eabi/lib/thumb/v7e-m/fpv4-sp/hard\libc_nano.a(lib_a-nano-freer.o)
 .ARM.attributes
                0x00000000000005bd       0x34 c:/ide/stm32cubeide_1.3.0/stm32cubeide/plugins/com.st.stm32cube.ide.mcu.externaltools.gnu-tools-for-stm32.7-2018-q2-update.win32_1.5.0.202011040924/tools/bin/../lib/gcc/arm-none-eabi/7.3.1/../../../../arm-none-eabi/lib/thumb/v7e-m/fpv4-sp/hard\libc_nano.a(lib_a-nano-mallocr.o)
 .ARM.attributes
                0x00000000000005f1       0x34 c:/ide/stm32cubeide_1.3.0/stm32cubeide/plugins/com.st.stm32cube.ide.mcu.externaltools.gnu-tools-for-stm32.7-2018-q2-update.win32_1.5.0.202011040924/tools/bin/../lib/gcc/arm-none-eabi/7.3.1/../../../../arm-none-eabi/lib/thumb/v7e-m/fpv4-sp/hard\libc_nano.a(lib_a-nano-reallocr.o)
 .ARM.attributes
                0x0000000000000625       0x34 c:/ide/stm32cubeide_1.3.0/stm32cubeide/plugins/com.st.stm32cube.ide.mcu.externaltools.gnu-tools-for-stm32.7-2018-q2-update.win32_1.5.0.202011040924/tools/bin/../lib/gcc/arm-none-eabi/7.3.1/../../../../arm-none-eabi/lib/thumb/v7e-m/fpv4-sp/hard\libc_nano.a(lib_a-sbrkr.o)
 .ARM.attributes
                0x0000000000000659       0x34 c:/ide/stm32cubeide_1.3.0/stm32cubeide/plugins/com.st.stm32cube.ide.mcu.externaltools.gnu-tools-for-stm32.7-2018-q2-update.win32_1.5.0.202011040924/tools/bin/../lib/gcc/arm-none-eabi/7.3.1/../../../../arm-none-eabi/lib/thumb/v7e-m/fpv4-sp/hard\libc_nano.a(lib_a-mlock.o)
 .ARM.attributes
                0x000000000000068d       0x34 c:/ide/stm32cubeide_1.3.0/stm32cubeide/plugins/com.st.stm32cube.ide.mcu.externaltools.gnu-tools-for-stm32.7-2018-q2-update.win32_1.5.0.202011040924/tools/bin/../lib/gcc/arm-none-eabi/7.3.1/../../../../arm-none-eabi/lib/thumb/v7e-m/fpv4-sp/hard\libc_nano.a(lib_a-nano-msizer.o)
 .ARM.attributes
                0x00000000000006c1       0x34 c:/ide/stm32cubeide_1.3.0/stm32cubeide/plugins/com.st.stm32cube.ide.mcu.externaltools.gnu-tools-for-stm32.7-2018-q2-update.win32_1.5.0.202011040924/tools/bin/../lib/gcc/arm-none-eabi/7.3.1/../../../../arm-none-eabi/lib/thumb/v7e-m/fpv4-sp/hard\libc_nano.a(lib_a-reent.o)
 .ARM.attributes
                0x00000000000006f5       0x22 c:/ide/stm32cubeide_1.3.0/stm32cubeide/plugins/com.st.stm32cube.ide.mcu.externaltools.gnu-tools-for-stm32.7-2018-q2-update.win32_1.5.0.202011040924/tools/bin/../lib/gcc/arm-none-eabi/7.3.1/thumb/v7e-m/fpv4-sp/hard\libgcc.a(_aeabi_uldivmod.o)
 .ARM.attributes
                0x0000000000000717       0x34 c:/ide/stm32cubeide_1.3.0/stm32cubeide/plugins/com.st.stm32cube.ide.mcu.externaltools.gnu-tools-for-stm32.7-2018-q2-update.win32_1.5.0.202011040924/tools/bin/../lib/gcc/arm-none-eabi/7.3.1/thumb/v7e-m/fpv4-sp/hard\libgcc.a(_udivmoddi4.o)
 .ARM.attributes
                0x000000000000074b       0x22 c:/ide/stm32cubeide_1.3.0/stm32cubeide/plugins/com.st.stm32cube.ide.mcu.externaltools.gnu-tools-for-stm32.7-2018-q2-update.win32_1.5.0.202011040924/tools/bin/../lib/gcc/arm-none-eabi/7.3.1/thumb/v7e-m/fpv4-sp/hard\libgcc.a(_dvmd_tls.o)
 .ARM.attributes
                0x000000000000076d       0x22 c:/ide/stm32cubeide_1.3.0/stm32cubeide/plugins/com.st.stm32cube.ide.mcu.externaltools.gnu-tools-for-stm32.7-2018-q2-update.win32_1.5.0.202011040924/tools/bin/../lib/gcc/arm-none-eabi/7.3.1/thumb/v7e-m/fpv4-sp/hard/crtn.o
OUTPUT(stm32_hard_lora_transmit.elf elf32-littlearm)

.debug_info     0x0000000000000000     0xf146
 .debug_info    0x0000000000000000     0x1608 Core/Src/LoRa.o
 .debug_info    0x0000000000001608     0x17a8 Core/Src/MFRC522.o
 .debug_info    0x0000000000002db0     0x19eb Core/Src/main.o
 .debug_info    0x000000000000479b     0x171e Core/Src/stm32f4xx_hal_msp.o
 .debug_info    0x0000000000005eb9      0xf27 Core/Src/stm32f4xx_it.o
 .debug_info    0x0000000000006de0      0x990 Core/Src/sysmem.o
 .debug_info    0x0000000000007770      0x554 Core/Src/system_stm32f4xx.o
 .debug_info    0x0000000000007cc4       0x22 Core/Startup/startup_stm32f407vgtx.o
 .debug_info    0x0000000000007ce6      0x945 Drivers/STM32F4xx_HAL_Driver/Src/stm32f4xx_hal.o
 .debug_info    0x000000000000862b      0xe28 Drivers/STM32F4xx_HAL_Driver/Src/stm32f4xx_hal_cortex.o
 .debug_info    0x0000000000009453      0x7b5 Drivers/STM32F4xx_HAL_Driver/Src/stm32f4xx_hal_gpio.o
 .debug_info    0x0000000000009c08      0x904 Drivers/STM32F4xx_HAL_Driver/Src/stm32f4xx_hal_rcc.o
 .debug_info    0x000000000000a50c     0x163a Drivers/STM32F4xx_HAL_Driver/Src/stm32f4xx_hal_spi.o
 .debug_info    0x000000000000bb46     0x24a9 Drivers/STM32F4xx_HAL_Driver/Src/stm32f4xx_hal_tim.o
 .debug_info    0x000000000000dfef     0x1157 Drivers/STM32F4xx_HAL_Driver/Src/stm32f4xx_hal_tim_ex.o

.debug_abbrev   0x0000000000000000     0x1e94
 .debug_abbrev  0x0000000000000000      0x29e Core/Src/LoRa.o
 .debug_abbrev  0x000000000000029e      0x2fe Core/Src/MFRC522.o
 .debug_abbrev  0x000000000000059c      0x2ce Core/Src/main.o
 .debug_abbrev  0x000000000000086a      0x219 Core/Src/stm32f4xx_hal_msp.o
 .debug_abbrev  0x0000000000000a83      0x1dc Core/Src/stm32f4xx_it.o
 .debug_abbrev  0x0000000000000c5f      0x19b Core/Src/sysmem.o
 .debug_abbrev  0x0000000000000dfa      0x12b Core/Src/system_stm32f4xx.o
 .debug_abbrev  0x0000000000000f25       0x12 Core/Startup/startup_stm32f407vgtx.o
 .debug_abbrev  0x0000000000000f37      0x1c7 Drivers/STM32F4xx_HAL_Driver/Src/stm32f4xx_hal.o
 .debug_abbrev  0x00000000000010fe      0x2fa Drivers/STM32F4xx_HAL_Driver/Src/stm32f4xx_hal_cortex.o
 .debug_abbrev  0x00000000000013f8      0x1c9 Drivers/STM32F4xx_HAL_Driver/Src/stm32f4xx_hal_gpio.o
 .debug_abbrev  0x00000000000015c1      0x245 Drivers/STM32F4xx_HAL_Driver/Src/stm32f4xx_hal_rcc.o
 .debug_abbrev  0x0000000000001806      0x240 Drivers/STM32F4xx_HAL_Driver/Src/stm32f4xx_hal_spi.o
 .debug_abbrev  0x0000000000001a46      0x230 Drivers/STM32F4xx_HAL_Driver/Src/stm32f4xx_hal_tim.o
 .debug_abbrev  0x0000000000001c76      0x21e Drivers/STM32F4xx_HAL_Driver/Src/stm32f4xx_hal_tim_ex.o

.debug_aranges  0x0000000000000000      0xcd8
 .debug_aranges
                0x0000000000000000       0xc0 Core/Src/LoRa.o
 .debug_aranges
                0x00000000000000c0       0xf8 Core/Src/MFRC522.o
 .debug_aranges
                0x00000000000001b8       0x58 Core/Src/main.o
 .debug_aranges
                0x0000000000000210       0x40 Core/Src/stm32f4xx_hal_msp.o
 .debug_aranges
                0x0000000000000250       0x68 Core/Src/stm32f4xx_it.o
 .debug_aranges
                0x00000000000002b8       0x20 Core/Src/sysmem.o
 .debug_aranges
                0x00000000000002d8       0x28 Core/Src/system_stm32f4xx.o
 .debug_aranges
                0x0000000000000300       0x28 Core/Startup/startup_stm32f407vgtx.o
 .debug_aranges
                0x0000000000000328       0xf0 Drivers/STM32F4xx_HAL_Driver/Src/stm32f4xx_hal.o
 .debug_aranges
                0x0000000000000418      0x118 Drivers/STM32F4xx_HAL_Driver/Src/stm32f4xx_hal_cortex.o
 .debug_aranges
                0x0000000000000530       0x58 Drivers/STM32F4xx_HAL_Driver/Src/stm32f4xx_hal_gpio.o
 .debug_aranges
                0x0000000000000588       0x88 Drivers/STM32F4xx_HAL_Driver/Src/stm32f4xx_hal_rcc.o
 .debug_aranges
                0x0000000000000610      0x1d0 Drivers/STM32F4xx_HAL_Driver/Src/stm32f4xx_hal_spi.o
 .debug_aranges
                0x00000000000007e0      0x3a8 Drivers/STM32F4xx_HAL_Driver/Src/stm32f4xx_hal_tim.o
 .debug_aranges
                0x0000000000000b88      0x150 Drivers/STM32F4xx_HAL_Driver/Src/stm32f4xx_hal_tim_ex.o

.debug_ranges   0x0000000000000000      0xbf0
 .debug_ranges  0x0000000000000000       0xb0 Core/Src/LoRa.o
 .debug_ranges  0x00000000000000b0       0xe8 Core/Src/MFRC522.o
 .debug_ranges  0x0000000000000198       0x48 Core/Src/main.o
 .debug_ranges  0x00000000000001e0       0x30 Core/Src/stm32f4xx_hal_msp.o
 .debug_ranges  0x0000000000000210       0x58 Core/Src/stm32f4xx_it.o
 .debug_ranges  0x0000000000000268       0x10 Core/Src/sysmem.o
 .debug_ranges  0x0000000000000278       0x18 Core/Src/system_stm32f4xx.o
 .debug_ranges  0x0000000000000290       0x20 Core/Startup/startup_stm32f407vgtx.o
 .debug_ranges  0x00000000000002b0       0xe0 Drivers/STM32F4xx_HAL_Driver/Src/stm32f4xx_hal.o
 .debug_ranges  0x0000000000000390      0x108 Drivers/STM32F4xx_HAL_Driver/Src/stm32f4xx_hal_cortex.o
 .debug_ranges  0x0000000000000498       0x48 Drivers/STM32F4xx_HAL_Driver/Src/stm32f4xx_hal_gpio.o
 .debug_ranges  0x00000000000004e0       0x78 Drivers/STM32F4xx_HAL_Driver/Src/stm32f4xx_hal_rcc.o
 .debug_ranges  0x0000000000000558      0x1c0 Drivers/STM32F4xx_HAL_Driver/Src/stm32f4xx_hal_spi.o
 .debug_ranges  0x0000000000000718      0x398 Drivers/STM32F4xx_HAL_Driver/Src/stm32f4xx_hal_tim.o
 .debug_ranges  0x0000000000000ab0      0x140 Drivers/STM32F4xx_HAL_Driver/Src/stm32f4xx_hal_tim_ex.o

.debug_macro    0x0000000000000000    0x2247c
 .debug_macro   0x0000000000000000      0x3bd Core/Src/LoRa.o
 .debug_macro   0x00000000000003bd      0xa5a Core/Src/LoRa.o
 .debug_macro   0x0000000000000e17      0x294 Core/Src/LoRa.o
 .debug_macro   0x00000000000010ab       0x2e Core/Src/LoRa.o
 .debug_macro   0x00000000000010d9       0x2f Core/Src/LoRa.o
 .debug_macro   0x0000000000001108       0x22 Core/Src/LoRa.o
 .debug_macro   0x000000000000112a       0x8e Core/Src/LoRa.o
 .debug_macro   0x00000000000011b8       0x51 Core/Src/LoRa.o
 .debug_macro   0x0000000000001209       0xef Core/Src/LoRa.o
 .debug_macro   0x00000000000012f8       0x6a Core/Src/LoRa.o
 .debug_macro   0x0000000000001362      0x1df Core/Src/LoRa.o
 .debug_macro   0x0000000000001541       0x1c Core/Src/LoRa.o
 .debug_macro   0x000000000000155d       0x22 Core/Src/LoRa.o
 .debug_macro   0x000000000000157f       0xdf Core/Src/LoRa.o
 .debug_macro   0x000000000000165e     0x102d Core/Src/LoRa.o
 .debug_macro   0x000000000000268b      0x11f Core/Src/LoRa.o
 .debug_macro   0x00000000000027aa    0x15e3c Core/Src/LoRa.o
 .debug_macro   0x00000000000185e6       0x43 Core/Src/LoRa.o
 .debug_macro   0x0000000000018629     0x3659 Core/Src/LoRa.o
 .debug_macro   0x000000000001bc82      0x174 Core/Src/LoRa.o
 .debug_macro   0x000000000001bdf6       0x5a Core/Src/LoRa.o
 .debug_macro   0x000000000001be50      0x96b Core/Src/LoRa.o
 .debug_macro   0x000000000001c7bb      0x9fe Core/Src/LoRa.o
 .debug_macro   0x000000000001d1b9      0x117 Core/Src/LoRa.o
 .debug_macro   0x000000000001d2d0      0x13e Core/Src/LoRa.o
 .debug_macro   0x000000000001d40e       0x27 Core/Src/LoRa.o
 .debug_macro   0x000000000001d435      0x174 Core/Src/LoRa.o
 .debug_macro   0x000000000001d5a9      0x287 Core/Src/LoRa.o
 .debug_macro   0x000000000001d830       0x5f Core/Src/LoRa.o
 .debug_macro   0x000000000001d88f      0x236 Core/Src/LoRa.o
 .debug_macro   0x000000000001dac5      0x12c Core/Src/LoRa.o
 .debug_macro   0x000000000001dbf1      0x21e Core/Src/LoRa.o
 .debug_macro   0x000000000001de0f       0x2e Core/Src/LoRa.o
 .debug_macro   0x000000000001de3d      0x11a Core/Src/LoRa.o
 .debug_macro   0x000000000001df57       0x7e Core/Src/LoRa.o
 .debug_macro   0x000000000001dfd5       0x89 Core/Src/LoRa.o
 .debug_macro   0x000000000001e05e      0x225 Core/Src/LoRa.o
 .debug_macro   0x000000000001e283      0x8a0 Core/Src/LoRa.o
 .debug_macro   0x000000000001eb23       0x47 Core/Src/LoRa.o
 .debug_macro   0x000000000001eb6a      0x12d Core/Src/LoRa.o
 .debug_macro   0x000000000001ec97       0x46 Core/Src/LoRa.o
 .debug_macro   0x000000000001ecdd       0x18 Core/Src/LoRa.o
 .debug_macro   0x000000000001ecf5       0x3c Core/Src/LoRa.o
 .debug_macro   0x000000000001ed31       0x34 Core/Src/LoRa.o
 .debug_macro   0x000000000001ed65       0x16 Core/Src/LoRa.o
 .debug_macro   0x000000000001ed7b       0x35 Core/Src/LoRa.o
 .debug_macro   0x000000000001edb0      0x32a Core/Src/LoRa.o
 .debug_macro   0x000000000001f0da       0x10 Core/Src/LoRa.o
 .debug_macro   0x000000000001f0ea       0x52 Core/Src/LoRa.o
 .debug_macro   0x000000000001f13c       0x1f Core/Src/LoRa.o
 .debug_macro   0x000000000001f15b       0x43 Core/Src/LoRa.o
 .debug_macro   0x000000000001f19e       0x20 Core/Src/LoRa.o
 .debug_macro   0x000000000001f1be      0x1a3 Core/Src/LoRa.o
 .debug_macro   0x000000000001f361       0x10 Core/Src/LoRa.o
 .debug_macro   0x000000000001f371       0x1c Core/Src/LoRa.o
 .debug_macro   0x000000000001f38d       0x52 Core/Src/LoRa.o
 .debug_macro   0x000000000001f3df       0x40 Core/Src/LoRa.o
 .debug_macro   0x000000000001f41f       0x10 Core/Src/LoRa.o
 .debug_macro   0x000000000001f42f       0x40 Core/Src/LoRa.o
 .debug_macro   0x000000000001f46f       0xd7 Core/Src/LoRa.o
 .debug_macro   0x000000000001f546       0x1c Core/Src/LoRa.o
 .debug_macro   0x000000000001f562       0x3d Core/Src/LoRa.o
 .debug_macro   0x000000000001f59f       0x16 Core/Src/LoRa.o
 .debug_macro   0x000000000001f5b5      0x145 Core/Src/LoRa.o
 .debug_macro   0x000000000001f6fa      0x24b Core/Src/LoRa.o
 .debug_macro   0x000000000001f945       0x16 Core/Src/LoRa.o
 .debug_macro   0x000000000001f95b       0x16 Core/Src/LoRa.o
 .debug_macro   0x000000000001f971       0x29 Core/Src/LoRa.o
 .debug_macro   0x000000000001f99a       0x16 Core/Src/LoRa.o
 .debug_macro   0x000000000001f9b0       0x20 Core/Src/LoRa.o
 .debug_macro   0x000000000001f9d0       0x70 Core/Src/LoRa.o
 .debug_macro   0x000000000001fa40      0x166 Core/Src/LoRa.o
 .debug_macro   0x000000000001fba6      0x3bb Core/Src/MFRC522.o
 .debug_macro   0x000000000001ff61       0x40 Core/Src/MFRC522.o
 .debug_macro   0x000000000001ffa1       0x94 Core/Src/MFRC522.o
 .debug_macro   0x0000000000020035       0x57 Core/Src/MFRC522.o
 .debug_macro   0x000000000002008c       0x97 Core/Src/MFRC522.o
 .debug_macro   0x0000000000020123      0x330 Core/Src/MFRC522.o
 .debug_macro   0x0000000000020453       0xfd Core/Src/MFRC522.o
 .debug_macro   0x0000000000020550       0xd9 Core/Src/MFRC522.o
 .debug_macro   0x0000000000020629       0x54 Core/Src/MFRC522.o
 .debug_macro   0x000000000002067d      0x3c7 Core/Src/main.o
 .debug_macro   0x0000000000020a44      0x3bd Core/Src/stm32f4xx_hal_msp.o
 .debug_macro   0x0000000000020e01      0x3c7 Core/Src/stm32f4xx_it.o
 .debug_macro   0x00000000000211c8      0x139 Core/Src/sysmem.o
 .debug_macro   0x0000000000021301      0x23b Core/Src/sysmem.o
 .debug_macro   0x000000000002153c      0x1d4 Core/Src/system_stm32f4xx.o
 .debug_macro   0x0000000000021710      0x22e Drivers/STM32F4xx_HAL_Driver/Src/stm32f4xx_hal.o
 .debug_macro   0x000000000002193e      0x1ce Drivers/STM32F4xx_HAL_Driver/Src/stm32f4xx_hal_cortex.o
 .debug_macro   0x0000000000021b0c      0x204 Drivers/STM32F4xx_HAL_Driver/Src/stm32f4xx_hal_gpio.o
 .debug_macro   0x0000000000021d10      0x1f2 Drivers/STM32F4xx_HAL_Driver/Src/stm32f4xx_hal_rcc.o
 .debug_macro   0x0000000000021f02      0x1dd Drivers/STM32F4xx_HAL_Driver/Src/stm32f4xx_hal_spi.o
 .debug_macro   0x00000000000220df      0x1cf Drivers/STM32F4xx_HAL_Driver/Src/stm32f4xx_hal_tim.o
 .debug_macro   0x00000000000222ae      0x1ce Drivers/STM32F4xx_HAL_Driver/Src/stm32f4xx_hal_tim_ex.o

.debug_line     0x0000000000000000     0x9d7c
 .debug_line    0x0000000000000000      0xb3e Core/Src/LoRa.o
 .debug_line    0x0000000000000b3e      0xd15 Core/Src/MFRC522.o
 .debug_line    0x0000000000001853      0xa54 Core/Src/main.o
 .debug_line    0x00000000000022a7      0x983 Core/Src/stm32f4xx_hal_msp.o
 .debug_line    0x0000000000002c2a      0x9ce Core/Src/stm32f4xx_it.o
 .debug_line    0x00000000000035f8      0x4fb Core/Src/sysmem.o
 .debug_line    0x0000000000003af3      0x6df Core/Src/system_stm32f4xx.o
 .debug_line    0x00000000000041d2       0x85 Core/Startup/startup_stm32f407vgtx.o
 .debug_line    0x0000000000004257      0x8c9 Drivers/STM32F4xx_HAL_Driver/Src/stm32f4xx_hal.o
 .debug_line    0x0000000000004b20      0x9ed Drivers/STM32F4xx_HAL_Driver/Src/stm32f4xx_hal_cortex.o
 .debug_line    0x000000000000550d      0x8a8 Drivers/STM32F4xx_HAL_Driver/Src/stm32f4xx_hal_gpio.o
 .debug_line    0x0000000000005db5      0x921 Drivers/STM32F4xx_HAL_Driver/Src/stm32f4xx_hal_rcc.o
 .debug_line    0x00000000000066d6     0x1085 Drivers/STM32F4xx_HAL_Driver/Src/stm32f4xx_hal_spi.o
 .debug_line    0x000000000000775b     0x1942 Drivers/STM32F4xx_HAL_Driver/Src/stm32f4xx_hal_tim.o
 .debug_line    0x000000000000909d      0xcdf Drivers/STM32F4xx_HAL_Driver/Src/stm32f4xx_hal_tim_ex.o

.debug_str      0x0000000000000000    0xca55c
 .debug_str     0x0000000000000000    0xc6c03 Core/Src/LoRa.o
                                      0xc6fa9 (size before relaxing)
 .debug_str     0x00000000000c6c03      0x2fd Core/Src/MFRC522.o
                                      0xc7025 (size before relaxing)
 .debug_str     0x00000000000c6f00      0x5e0 Core/Src/main.o
                                      0xc746c (size before relaxing)
 .debug_str     0x00000000000c74e0      0x55a Core/Src/stm32f4xx_hal_msp.o
                                      0xc7589 (size before relaxing)
 .debug_str     0x00000000000c7a3a       0xcd Core/Src/stm32f4xx_it.o
                                      0xc6d8a (size before relaxing)
 .debug_str     0x00000000000c7b07      0x4e9 Core/Src/sysmem.o
                                       0x7441 (size before relaxing)
 .debug_str     0x00000000000c7ff0       0xc4 Core/Src/system_stm32f4xx.o
                                      0xc1c3e (size before relaxing)
 .debug_str     0x00000000000c80b4       0x36 Core/Startup/startup_stm32f407vgtx.o
                                         0x75 (size before relaxing)
 .debug_str     0x00000000000c80ea      0x58d Drivers/STM32F4xx_HAL_Driver/Src/stm32f4xx_hal.o
                                      0xc270b (size before relaxing)
 .debug_str     0x00000000000c8677      0x399 Drivers/STM32F4xx_HAL_Driver/Src/stm32f4xx_hal_cortex.o
                                      0xc24fa (size before relaxing)
 .debug_str     0x00000000000c8a10      0x207 Drivers/STM32F4xx_HAL_Driver/Src/stm32f4xx_hal_gpio.o
                                      0xc1e7d (size before relaxing)
 .debug_str     0x00000000000c8c17      0x259 Drivers/STM32F4xx_HAL_Driver/Src/stm32f4xx_hal_rcc.o
                                      0xc202b (size before relaxing)
 .debug_str     0x00000000000c8e70      0x560 Drivers/STM32F4xx_HAL_Driver/Src/stm32f4xx_hal_spi.o
                                      0xc24ac (size before relaxing)
 .debug_str     0x00000000000c93d0      0xcea Drivers/STM32F4xx_HAL_Driver/Src/stm32f4xx_hal_tim.o
                                      0xc2d4a (size before relaxing)
 .debug_str     0x00000000000ca0ba      0x4a2 Drivers/STM32F4xx_HAL_Driver/Src/stm32f4xx_hal_tim_ex.o
                                      0xc254a (size before relaxing)

.comment        0x0000000000000000       0x7b
 .comment       0x0000000000000000       0x7b Core/Src/LoRa.o
                                         0x7c (size before relaxing)
 .comment       0x000000000000007b       0x7c Core/Src/MFRC522.o
 .comment       0x000000000000007b       0x7c Core/Src/main.o
 .comment       0x000000000000007b       0x7c Core/Src/stm32f4xx_hal_msp.o
 .comment       0x000000000000007b       0x7c Core/Src/stm32f4xx_it.o
 .comment       0x000000000000007b       0x7c Core/Src/sysmem.o
 .comment       0x000000000000007b       0x7c Core/Src/system_stm32f4xx.o
 .comment       0x000000000000007b       0x7c Drivers/STM32F4xx_HAL_Driver/Src/stm32f4xx_hal.o
 .comment       0x000000000000007b       0x7c Drivers/STM32F4xx_HAL_Driver/Src/stm32f4xx_hal_cortex.o
 .comment       0x000000000000007b       0x7c Drivers/STM32F4xx_HAL_Driver/Src/stm32f4xx_hal_gpio.o
 .comment       0x000000000000007b       0x7c Drivers/STM32F4xx_HAL_Driver/Src/stm32f4xx_hal_rcc.o
 .comment       0x000000000000007b       0x7c Drivers/STM32F4xx_HAL_Driver/Src/stm32f4xx_hal_spi.o
 .comment       0x000000000000007b       0x7c Drivers/STM32F4xx_HAL_Driver/Src/stm32f4xx_hal_tim.o
 .comment       0x000000000000007b       0x7c Drivers/STM32F4xx_HAL_Driver/Src/stm32f4xx_hal_tim_ex.o

.debug_frame    0x0000000000000000     0x3898
 .debug_frame   0x0000000000000000      0x314 Core/Src/LoRa.o
 .debug_frame   0x0000000000000314      0x3f4 Core/Src/MFRC522.o
 .debug_frame   0x0000000000000708      0x114 Core/Src/main.o
 .debug_frame   0x000000000000081c       0xc4 Core/Src/stm32f4xx_hal_msp.o
 .debug_frame   0x00000000000008e0      0x120 Core/Src/stm32f4xx_it.o
 .debug_frame   0x0000000000000a00       0x34 Core/Src/sysmem.o
 .debug_frame   0x0000000000000a34       0x58 Core/Src/system_stm32f4xx.o
 .debug_frame   0x0000000000000a8c      0x374 Drivers/STM32F4xx_HAL_Driver/Src/stm32f4xx_hal.o
 .debug_frame   0x0000000000000e00      0x498 Drivers/STM32F4xx_HAL_Driver/Src/stm32f4xx_hal_cortex.o
 .debug_frame   0x0000000000001298      0x14c Drivers/STM32F4xx_HAL_Driver/Src/stm32f4xx_hal_gpio.o
 .debug_frame   0x00000000000013e4      0x1f0 Drivers/STM32F4xx_HAL_Driver/Src/stm32f4xx_hal_rcc.o
 .debug_frame   0x00000000000015d4      0x824 Drivers/STM32F4xx_HAL_Driver/Src/stm32f4xx_hal_spi.o
 .debug_frame   0x0000000000001df8     0x10f0 Drivers/STM32F4xx_HAL_Driver/Src/stm32f4xx_hal_tim.o
 .debug_frame   0x0000000000002ee8      0x5c0 Drivers/STM32F4xx_HAL_Driver/Src/stm32f4xx_hal_tim_ex.o
 .debug_frame   0x00000000000034a8       0x20 c:/ide/stm32cubeide_1.3.0/stm32cubeide/plugins/com.st.stm32cube.ide.mcu.externaltools.gnu-tools-for-stm32.7-2018-q2-update.win32_1.5.0.202011040924/tools/bin/../lib/gcc/arm-none-eabi/7.3.1/../../../../arm-none-eabi/lib/thumb/v7e-m/fpv4-sp/hard\libc_nano.a(lib_a-errno.o)
 .debug_frame   0x00000000000034c8       0x2c c:/ide/stm32cubeide_1.3.0/stm32cubeide/plugins/com.st.stm32cube.ide.mcu.externaltools.gnu-tools-for-stm32.7-2018-q2-update.win32_1.5.0.202011040924/tools/bin/../lib/gcc/arm-none-eabi/7.3.1/../../../../arm-none-eabi/lib/thumb/v7e-m/fpv4-sp/hard\libc_nano.a(lib_a-init.o)
 .debug_frame   0x00000000000034f4       0x20 c:/ide/stm32cubeide_1.3.0/stm32cubeide/plugins/com.st.stm32cube.ide.mcu.externaltools.gnu-tools-for-stm32.7-2018-q2-update.win32_1.5.0.202011040924/tools/bin/../lib/gcc/arm-none-eabi/7.3.1/../../../../arm-none-eabi/lib/thumb/v7e-m/fpv4-sp/hard\libc_nano.a(lib_a-memset.o)
 .debug_frame   0x0000000000003514       0x6c c:/ide/stm32cubeide_1.3.0/stm32cubeide/plugins/com.st.stm32cube.ide.mcu.externaltools.gnu-tools-for-stm32.7-2018-q2-update.win32_1.5.0.202011040924/tools/bin/../lib/gcc/arm-none-eabi/7.3.1/../../../../arm-none-eabi/lib/thumb/v7e-m/fpv4-sp/hard\libc_nano.a(lib_a-sprintf.o)
 .debug_frame   0x0000000000003580       0x90 c:/ide/stm32cubeide_1.3.0/stm32cubeide/plugins/com.st.stm32cube.ide.mcu.externaltools.gnu-tools-for-stm32.7-2018-q2-update.win32_1.5.0.202011040924/tools/bin/../lib/gcc/arm-none-eabi/7.3.1/../../../../arm-none-eabi/lib/thumb/v7e-m/fpv4-sp/hard\libc_nano.a(lib_a-nano-svfprintf.o)
 .debug_frame   0x0000000000003610       0x60 c:/ide/stm32cubeide_1.3.0/stm32cubeide/plugins/com.st.stm32cube.ide.mcu.externaltools.gnu-tools-for-stm32.7-2018-q2-update.win32_1.5.0.202011040924/tools/bin/../lib/gcc/arm-none-eabi/7.3.1/../../../../arm-none-eabi/lib/thumb/v7e-m/fpv4-sp/hard\libc_nano.a(lib_a-nano-vfprintf_i.o)
 .debug_frame   0x0000000000003670       0x28 c:/ide/stm32cubeide_1.3.0/stm32cubeide/plugins/com.st.stm32cube.ide.mcu.externaltools.gnu-tools-for-stm32.7-2018-q2-update.win32_1.5.0.202011040924/tools/bin/../lib/gcc/arm-none-eabi/7.3.1/../../../../arm-none-eabi/lib/thumb/v7e-m/fpv4-sp/hard\libc_nano.a(lib_a-memcpy-stub.o)
 .debug_frame   0x0000000000003698       0x28 c:/ide/stm32cubeide_1.3.0/stm32cubeide/plugins/com.st.stm32cube.ide.mcu.externaltools.gnu-tools-for-stm32.7-2018-q2-update.win32_1.5.0.202011040924/tools/bin/../lib/gcc/arm-none-eabi/7.3.1/../../../../arm-none-eabi/lib/thumb/v7e-m/fpv4-sp/hard\libc_nano.a(lib_a-memmove.o)
 .debug_frame   0x00000000000036c0       0x38 c:/ide/stm32cubeide_1.3.0/stm32cubeide/plugins/com.st.stm32cube.ide.mcu.externaltools.gnu-tools-for-stm32.7-2018-q2-update.win32_1.5.0.202011040924/tools/bin/../lib/gcc/arm-none-eabi/7.3.1/../../../../arm-none-eabi/lib/thumb/v7e-m/fpv4-sp/hard\libc_nano.a(lib_a-nano-freer.o)
 .debug_frame   0x00000000000036f8       0x2c c:/ide/stm32cubeide_1.3.0/stm32cubeide/plugins/com.st.stm32cube.ide.mcu.externaltools.gnu-tools-for-stm32.7-2018-q2-update.win32_1.5.0.202011040924/tools/bin/../lib/gcc/arm-none-eabi/7.3.1/../../../../arm-none-eabi/lib/thumb/v7e-m/fpv4-sp/hard\libc_nano.a(lib_a-nano-mallocr.o)
 .debug_frame   0x0000000000003724       0x3c c:/ide/stm32cubeide_1.3.0/stm32cubeide/plugins/com.st.stm32cube.ide.mcu.externaltools.gnu-tools-for-stm32.7-2018-q2-update.win32_1.5.0.202011040924/tools/bin/../lib/gcc/arm-none-eabi/7.3.1/../../../../arm-none-eabi/lib/thumb/v7e-m/fpv4-sp/hard\libc_nano.a(lib_a-nano-reallocr.o)
 .debug_frame   0x0000000000003760       0x2c c:/ide/stm32cubeide_1.3.0/stm32cubeide/plugins/com.st.stm32cube.ide.mcu.externaltools.gnu-tools-for-stm32.7-2018-q2-update.win32_1.5.0.202011040924/tools/bin/../lib/gcc/arm-none-eabi/7.3.1/../../../../arm-none-eabi/lib/thumb/v7e-m/fpv4-sp/hard\libc_nano.a(lib_a-sbrkr.o)
 .debug_frame   0x000000000000378c       0x30 c:/ide/stm32cubeide_1.3.0/stm32cubeide/plugins/com.st.stm32cube.ide.mcu.externaltools.gnu-tools-for-stm32.7-2018-q2-update.win32_1.5.0.202011040924/tools/bin/../lib/gcc/arm-none-eabi/7.3.1/../../../../arm-none-eabi/lib/thumb/v7e-m/fpv4-sp/hard\libc_nano.a(lib_a-mlock.o)
 .debug_frame   0x00000000000037bc       0x20 c:/ide/stm32cubeide_1.3.0/stm32cubeide/plugins/com.st.stm32cube.ide.mcu.externaltools.gnu-tools-for-stm32.7-2018-q2-update.win32_1.5.0.202011040924/tools/bin/../lib/gcc/arm-none-eabi/7.3.1/../../../../arm-none-eabi/lib/thumb/v7e-m/fpv4-sp/hard\libc_nano.a(lib_a-nano-msizer.o)
 .debug_frame   0x00000000000037dc       0x5c c:/ide/stm32cubeide_1.3.0/stm32cubeide/plugins/com.st.stm32cube.ide.mcu.externaltools.gnu-tools-for-stm32.7-2018-q2-update.win32_1.5.0.202011040924/tools/bin/../lib/gcc/arm-none-eabi/7.3.1/../../../../arm-none-eabi/lib/thumb/v7e-m/fpv4-sp/hard\libc_nano.a(lib_a-reent.o)
 .debug_frame   0x0000000000003838       0x2c c:/ide/stm32cubeide_1.3.0/stm32cubeide/plugins/com.st.stm32cube.ide.mcu.externaltools.gnu-tools-for-stm32.7-2018-q2-update.win32_1.5.0.202011040924/tools/bin/../lib/gcc/arm-none-eabi/7.3.1/thumb/v7e-m/fpv4-sp/hard\libgcc.a(_aeabi_uldivmod.o)
 .debug_frame   0x0000000000003864       0x34 c:/ide/stm32cubeide_1.3.0/stm32cubeide/plugins/com.st.stm32cube.ide.mcu.externaltools.gnu-tools-for-stm32.7-2018-q2-update.win32_1.5.0.202011040924/tools/bin/../lib/gcc/arm-none-eabi/7.3.1/thumb/v7e-m/fpv4-sp/hard\libgcc.a(_udivmoddi4.o)
